1223.446: [GC [PSYoungGen: 3712506K->197562K(4660736K)] 14923713K->12610385K(18641920K), 1.4348780 secs] [Times: user=18.51 sys=0.04, real=1.44 secs] 
1224.881: [Full GC [PSYoungGen: 197562K->0K(4660736K)] [ParOldGen: 12412822K->6732297K(13981184K)] 12610385K->6732297K(18641920K) [PSPermGen: 50385K->50385K(53248K)], 3.4557370 secs] [Times: user=23.08 sys=0.03, real=3.45 secs] 
1230.652: [GC [PSYoungGen: 2330624K->268277K(4660736K)] 9062921K->7000574K(18641920K), 0.3432470 secs] [Times: user=4.42 sys=0.01, real=0.34 secs] 
1232.450: [GC [PSYoungGen: 2598901K->609760K(4660736K)] 9331198K->7550253K(18641920K), 0.6825380 secs] [Times: user=8.82 sys=0.01, real=0.68 secs] 
1234.059: [GC [PSYoungGen: 2940384K->655232K(4660736K)] 9880877K->8230017K(18641920K), 0.8488800 secs] [Times: user=10.99 sys=0.00, real=0.85 secs] 
1235.735: [GC [PSYoungGen: 2985856K->726880K(4672512K)] 10560641K->8887817K(18653696K), 0.9548030 secs] [Times: user=12.35 sys=0.04, real=0.96 secs] 
1237.564: [GC [PSYoungGen: 3069280K->1343612K(4660736K)] 11230217K->9504549K(18641920K), 0.6736500 secs] [Times: user=8.70 sys=0.02, real=0.67 secs] 
1240.904: [GC [PSYoungGen: 3686012K->2064320K(4658688K)] 11846949K->10225257K(18639872K), 0.9732940 secs] [Times: user=12.61 sys=0.01, real=0.97 secs] 
1248.387: [GC [PSYoungGen: 4394944K->710716K(4660736K)] 12555883K->10127363K(18641920K), 1.5625980 secs] [Times: user=20.21 sys=0.01, real=1.56 secs] 
1256.347: [GC [PSYoungGen: 3041340K->430652K(4660736K)] 12457988K->10540681K(18641920K), 2.3368600 secs] [Times: user=30.30 sys=0.03, real=2.33 secs] 
1259.519: [GC [PSYoungGen: 2761276K->719744K(4660736K)] 12871305K->11191421K(18641920K), 0.6482970 secs] [Times: user=8.38 sys=0.02, real=0.65 secs] 
1260.941: [GC [PSYoungGen: 3050368K->787776K(4732416K)] 13522045K->11903617K(18713600K), 0.8721390 secs] [Times: user=11.30 sys=0.01, real=0.87 secs] 
1262.614: [GC [PSYoungGen: 3190080K->1540412K(4660736K)] 14305921K->12656253K(18641920K), 0.6639590 secs] [Times: user=8.56 sys=0.04, real=0.66 secs] 
1263.876: [GC [PSYoungGen: 3942716K->645649K(4717056K)] 15058589K->13187174K(18698240K), 1.7241590 secs] [Times: user=22.36 sys=0.02, real=1.72 secs] 
1265.600: [Full GC [PSYoungGen: 645649K->0K(4717056K)] [ParOldGen: 12541525K->9543638K(13981184K)] 13187174K->9543638K(18698240K) [PSPermGen: 50386K->50386K(53248K)], 16.8145400 secs] [Times: user=57.29 sys=0.03, real=16.81 secs] 
1282.949: [GC [PSYoungGen: 2386944K->710368K(4660736K)] 11930583K->10254008K(18641920K), 0.9778310 secs] [Times: user=12.57 sys=0.03, real=0.97 secs] 
1284.657: [GC [PSYoungGen: 3097312K->1419040K(4701184K)] 12640952K->10962680K(18682368K), 1.5952850 secs] [Times: user=20.62 sys=0.07, real=1.60 secs] 
1287.112: [GC [PSYoungGen: 3931936K->1523424K(4036608K)] 13475576K->11661392K(18017792K), 1.0198940 secs] [Times: user=13.16 sys=0.05, real=1.02 secs] 
1289.125: [GC [PSYoungGen: 4036320K->1737120K(4641792K)] 14174288K->12421992K(18622976K), 1.2132560 secs] [Times: user=15.74 sys=0.00, real=1.21 secs] 
1295.436: [GC [PSYoungGen: 4067744K->605675K(4660736K)] 14752616K->12981748K(18641920K), 1.6414990 secs] [Times: user=21.30 sys=0.00, real=1.64 secs] 
1297.078: [Full GC [PSYoungGen: 605675K->0K(4660736K)] [ParOldGen: 12376072K->12597000K(13981184K)] 12981748K->12597000K(18641920K) [PSPermGen: 50386K->50386K(52736K)], 47.2433490 secs] [Times: user=122.94 sys=0.07, real=47.24 secs] 
1347.148: [Full GC [PSYoungGen: 2330624K->0K(4660736K)] [ParOldGen: 12597036K->9622952K(13981184K)] 14927660K->9622952K(18641920K) [PSPermGen: 50386K->50386K(52224K)], 8.9466190 secs] [Times: user=49.78 sys=0.03, real=8.94 secs] 
1358.057: [GC [PSYoungGen: 2330624K->130333K(4660736K)] 11953576K->9753285K(18641920K), 0.1766270 secs] [Times: user=2.23 sys=0.01, real=0.18 secs] 
1370.839: [GC [PSYoungGen: 2457974K->304851K(4660736K)] 12080926K->10008664K(18641920K), 0.2176050 secs] [Times: user=2.77 sys=0.00, real=0.22 secs] 
1371.662: [GC [PSYoungGen: 2635475K->645554K(4706816K)] 12339288K->10603307K(18688000K), 0.4197020 secs] [Times: user=5.41 sys=0.01, real=0.42 secs] 
1372.526: [GC [PSYoungGen: 3022258K->1348672K(4660736K)] 12980011K->11306425K(18641920K), 0.4884190 secs] [Times: user=6.31 sys=0.01, real=0.49 secs] 
1373.447: [GC [PSYoungGen: 3725376K->2038912K(4647936K)] 13683129K->11996665K(18629120K), 0.7142120 secs] [Times: user=9.24 sys=0.01, real=0.72 secs] 
1374.595: [GC [PSYoungGen: 4369536K->1588224K(4660736K)] 14327289K->12681317K(18641920K), 1.5152670 secs] [Times: user=19.67 sys=0.01, real=1.51 secs] 
1376.537: [GC [PSYoungGen: 3918848K->855648K(4660736K)] 15011941K->13457717K(18641920K), 1.7848430 secs] [Times: user=23.14 sys=0.05, real=1.78 secs] 
1378.322: [Full GC [PSYoungGen: 855648K->0K(4660736K)] [ParOldGen: 12602069K->10257742K(13981184K)] 13457717K->10257742K(18641920K) [PSPermGen: 50386K->50386K(52224K)], 18.6763030 secs] [Times: user=63.10 sys=0.04, real=18.68 secs] 
1397.438: [GC [PSYoungGen: 2330624K->797952K(4660736K)] 12588366K->11055694K(18641920K), 1.2577650 secs] [Times: user=16.26 sys=0.04, real=1.26 secs] 
1399.194: [GC [PSYoungGen: 3109582K->828800K(4668416K)] 13367325K->11876999K(18649600K), 2.5183570 secs] [Times: user=32.66 sys=0.04, real=2.52 secs] 
1402.304: [GC [PSYoungGen: 3167104K->739200K(4660736K)] 14215303K->12608887K(18641920K), 3.6896490 secs] [Times: user=47.86 sys=0.06, real=3.69 secs] 
1407.058: [GC [PSYoungGen: 3077504K->619680K(4812288K)] 14947191K->13209927K(18793472K), 2.9996540 secs] [Times: user=38.86 sys=0.10, real=3.00 secs] 
1410.058: [Full GC [PSYoungGen: 619680K->0K(4812288K)] [ParOldGen: 12590247K->12604430K(13981184K)] 13209927K->12604430K(18793472K) [PSPermGen: 50386K->50386K(51712K)], 40.8650530 secs] [Times: user=106.10 sys=0.02, real=40.86 secs] 
1458.876: [Full GC [PSYoungGen: 2572288K->0K(4812288K)] [ParOldGen: 12604433K->11121949K(13981184K)] 15176721K->11121949K(18793472K) [PSPermGen: 50386K->50386K(51712K)], 27.1975620 secs] [Times: user=90.18 sys=0.01, real=27.19 secs] 
1487.774: [GC [PSYoungGen: 2572288K->329812K(4750848K)] 13694238K->11451762K(18732032K), 0.2051950 secs] [Times: user=2.55 sys=0.00, real=0.21 secs] 
1499.920: [GC [PSYoungGen: 2902100K->239582K(4844544K)] 14024053K->11361536K(18825728K), 0.1227070 secs] [Times: user=1.54 sys=0.01, real=0.12 secs] 
1501.015: [GC [PSYoungGen: 2921950K->897756K(4828672K)] 14043904K->12019710K(18809856K), 0.3153820 secs] [Times: user=4.06 sys=0.02, real=0.31 secs] 
1501.875: [GC [PSYoungGen: 3580124K->1701853K(4549120K)] 14702078K->12823807K(18530304K), 0.4919860 secs] [Times: user=6.36 sys=0.01, real=0.49 secs] 
1502.805: [GC [PSYoungGen: 4210653K->2240992K(4749824K)] 15332607K->13520562K(18731008K), 0.8170140 secs] [Times: user=10.58 sys=0.01, real=0.82 secs] 
1504.070: [GC [PSYoungGen: 4749792K->2240992K(4571648K)] 16029362K->14282654K(18552832K), 1.5068860 secs] [Times: user=19.54 sys=0.02, real=1.51 secs] 
1505.984: [GC [PSYoungGen: 4571616K->2045984K(4660736K)] 16613278K->15010454K(18641920K), 1.4441680 secs] [Times: user=18.72 sys=0.02, real=1.44 secs] 
1507.428: [Full GC [PSYoungGen: 2045984K->0K(4660736K)] [ParOldGen: 12964470K->10403673K(13981184K)] 15010454K->10403673K(18641920K) [PSPermGen: 50386K->50386K(51200K)], 18.3632710 secs] [Times: user=66.51 sys=0.03, real=18.36 secs] 
1526.228: [GC [PSYoungGen: 2330624K->954912K(4660736K)] 12734297K->11358585K(18641920K), 2.8184380 secs] [Times: user=36.57 sys=0.03, real=2.82 secs] 
1529.456: [GC [PSYoungGen: 3285536K->780064K(4660736K)] 13689209K->12132941K(18641920K), 2.6468940 secs] [Times: user=34.34 sys=0.04, real=2.64 secs] 
1532.587: [GC [PSYoungGen: 3110688K->826624K(4660736K)] 14463565K->12950717K(18641920K), 2.8467960 secs] [Times: user=36.93 sys=0.05, real=2.84 secs] 
1536.334: [GC [PSYoungGen: 3157248K->646304K(4660736K)] 15281341K->13588205K(18641920K), 4.8794580 secs] [Times: user=63.36 sys=0.05, real=4.88 secs] 
1541.213: [Full GC [PSYoungGen: 646304K->0K(4660736K)] [ParOldGen: 12941901K->13003263K(13981184K)] 13588205K->13003263K(18641920K) [PSPermGen: 50386K->50386K(51200K)], 38.5633070 secs] [Times: user=110.43 sys=0.03, real=38.56 secs] 
1582.935: [Full GC [PSYoungGen: 2314943K->0K(4660736K)] [ParOldGen: 13003263K->13634575K(13981184K)] 15318207K->13634575K(18641920K) [PSPermGen: 50386K->50386K(51200K)], 7.7327610 secs] [Times: user=87.82 sys=0.22, real=7.73 secs] 
1595.087: [Full GC [PSYoungGen: 2330624K->0K(4660736K)] [ParOldGen: 13634577K->13750038K(13981184K)] 15965201K->13750038K(18641920K) [PSPermGen: 50386K->50386K(51200K)], 6.5260920 secs] [Times: user=80.98 sys=0.14, real=6.52 secs] 
1603.797: [Full GC [PSYoungGen: 2330624K->0K(4660736K)] [ParOldGen: 13750039K->9199757K(13981184K)] 16080663K->9199757K(18641920K) [PSPermGen: 50386K->50386K(51200K)], 15.7990920 secs] [Times: user=64.61 sys=0.05, real=15.79 secs] 
1621.261: [GC [PSYoungGen: 2292610K->363285K(4660736K)] 11492367K->9563043K(18641920K), 0.1963790 secs] [Times: user=2.51 sys=0.01, real=0.19 secs] 
1623.467: [GC [PSYoungGen: 2693909K->709655K(4660736K)] 11893667K->10336819K(18641920K), 0.5861190 secs] [Times: user=7.57 sys=0.02, real=0.59 secs] 
1625.900: [GC [PSYoungGen: 2982683K->573048K(4660736K)] 12609847K->10749813K(18641920K), 0.7211840 secs] [Times: user=9.30 sys=0.04, real=0.72 secs] 
1627.451: [GC [PSYoungGen: 2903672K->750201K(4660736K)] 13080437K->11448403K(18641920K), 2.3380770 secs] [Times: user=30.28 sys=0.08, real=2.33 secs] 
1630.584: [GC [PSYoungGen: 3080825K->832128K(4660736K)] 13779027K->12286966K(18641920K), 0.9241880 secs] [Times: user=11.93 sys=0.06, real=0.92 secs] 
1632.247: [GC [PSYoungGen: 3162752K->835840K(4660736K)] 14617590K->13002362K(18641920K), 2.2457690 secs] [Times: user=29.12 sys=0.04, real=2.25 secs] 
1635.489: [GC [PSYoungGen: 3166464K->1610688K(4591104K)] 15332986K->13777210K(18572288K), 0.8252290 secs] [Times: user=10.61 sys=0.08, real=0.83 secs] 
1637.429: [GC [PSYoungGen: 3941312K->744512K(4660736K)] 16107834K->14530450K(18641920K), 1.8575970 secs] [Times: user=24.04 sys=0.06, real=1.86 secs] 
1639.287: [Full GC [PSYoungGen: 744512K->0K(4660736K)] [ParOldGen: 13785938K->11058072K(13981184K)] 14530450K->11058072K(18641920K) [PSPermGen: 50386K->50386K(50688K)], 28.9651530 secs] [Times: user=84.42 sys=0.03, real=28.96 secs] 
1677.845: [GC [PSYoungGen: 2330624K->250936K(4712448K)] 13388696K->11309008K(18693632K), 2.0333850 secs] [Times: user=26.34 sys=0.01, real=2.04 secs] 
1742.201: [GC [PSYoungGen: 2678840K->460360K(4706304K)] 13736912K->11518433K(18687488K), 2.9731860 secs] [Times: user=38.51 sys=0.05, real=2.97 secs] 
1748.680: [GC [PSYoungGen: 2888264K->667374K(4875264K)] 13946356K->11725466K(18856448K), 3.4309750 secs] [Times: user=44.45 sys=0.06, real=3.43 secs] 
1753.287: [GC [PSYoungGen: 3325166K->1300748K(4773376K)] 14383259K->12358841K(18754560K), 1.5303200 secs] [Times: user=19.80 sys=0.06, real=1.53 secs] 
1755.498: [GC [PSYoungGen: 3958540K->2007989K(4488192K)] 15016633K->13066081K(18469376K), 0.7384780 secs] [Times: user=9.53 sys=0.04, real=0.74 secs] 
1756.715: [GC [PSYoungGen: 4338613K->2330107K(4660736K)] 15396705K->13692504K(18641920K), 0.9852820 secs] [Times: user=12.75 sys=0.03, real=0.99 secs] 
1758.107: [GC [PSYoungGen: 4660731K->2330080K(4660736K)] 16023128K->14268167K(18641920K), 1.3442610 secs] [Times: user=17.42 sys=0.02, real=1.35 secs] 
1759.888: [GC [PSYoungGen: 4660704K->1979232K(4660736K)] 16598791K->14949035K(18641920K), 1.4662530 secs] [Times: user=19.03 sys=0.00, real=1.47 secs] 
1761.355: [Full GC [PSYoungGen: 1979232K->0K(4660736K)] [ParOldGen: 12969803K->10102229K(13981184K)] 14949035K->10102229K(18641920K) [PSPermGen: 50387K->50387K(50688K)], 18.2722260 secs] [Times: user=62.79 sys=0.02, real=18.27 secs] 
1780.154: [GC [PSYoungGen: 2330624K->775680K(4660736K)] 12432853K->10877909K(18641920K), 1.5637230 secs] [Times: user=20.25 sys=0.03, real=1.56 secs] 
1782.347: [GC [PSYoungGen: 3106304K->853280K(4660736K)] 13208533K->11718277K(18641920K), 1.0802930 secs] [Times: user=13.97 sys=0.03, real=1.08 secs] 
1784.049: [GC [PSYoungGen: 3183904K->841216K(4660736K)] 14048901K->12545989K(18641920K), 1.8014630 secs] [Times: user=23.32 sys=0.07, real=1.80 secs] 
1787.545: [GC [PSYoungGen: 3171840K->644640K(4660736K)] 14876613K->13174558K(18641920K), 2.8726100 secs] [Times: user=37.23 sys=0.06, real=2.87 secs] 
1790.417: [Full GC [PSYoungGen: 644640K->0K(4660736K)] [ParOldGen: 12529917K->12622803K(13981184K)] 13174558K->12622803K(18641920K) [PSPermGen: 50387K->50387K(50688K)], 33.1546920 secs] [Times: user=95.11 sys=0.01, real=33.15 secs] 
1829.702: [Full GC [PSYoungGen: 2330624K->0K(4660736K)] [ParOldGen: 12622803K->11142557K(13981184K)] 14953427K->11142557K(18641920K) [PSPermGen: 50387K->50387K(50688K)], 20.6455660 secs] [Times: user=78.65 sys=0.03, real=20.64 secs] 
1851.738: [GC [PSYoungGen: 2330624K->361638K(4660736K)] 13473181K->11504196K(18641920K), 0.2569350 secs] [Times: user=3.28 sys=0.00, real=0.26 secs] 
1853.856: [GC [PSYoungGen: 2692262K->505695K(4660736K)] 13834820K->11935179K(18641920K), 0.7185440 secs] [Times: user=9.30 sys=0.00, real=0.72 secs] 
1862.043: [GC [PSYoungGen: 2836319K->226133K(4660736K)] 14265803K->12137490K(18641920K), 0.8014360 secs] [Times: user=10.37 sys=0.01, real=0.80 secs] 
1865.398: [GC [PSYoungGen: 2556757K->500576K(4660736K)] 14468114K->12615185K(18641920K), 1.5592260 secs] [Times: user=20.20 sys=0.04, real=1.56 secs] 
1867.877: [GC [PSYoungGen: 2831200K->600311K(4660736K)] 14945809K->13162728K(18641920K), 0.8961300 secs] [Times: user=11.60 sys=0.02, real=0.89 secs] 
1869.345: [GC [PSYoungGen: 2930935K->607858K(4660736K)] 15493352K->13720427K(18641920K), 0.7556820 secs] [Times: user=9.78 sys=0.02, real=0.76 secs] 
1870.101: [Full GC [PSYoungGen: 607858K->0K(4660736K)] [ParOldGen: 13112569K->8241495K(13981184K)] 13720427K->8241495K(18641920K) [PSPermGen: 50387K->50387K(50688K)], 9.5763400 secs] [Times: user=40.24 sys=0.01, real=9.57 secs] 
1880.194: [GC [PSYoungGen: 2330624K->756026K(4661760K)] 10572119K->8997521K(18642944K), 1.0510820 secs] [Times: user=13.58 sys=0.03, real=1.05 secs] 
1881.738: [GC [PSYoungGen: 3087674K->1426336K(4660736K)] 11329169K->9667831K(18641920K), 1.5383950 secs] [Times: user=19.91 sys=0.05, real=1.54 secs] 
1883.788: [GC [PSYoungGen: 3757984K->769376K(4721664K)] 11999479K->10362411K(18702848K), 1.4923950 secs] [Times: user=19.33 sys=0.02, real=1.50 secs] 
1885.803: [GC [PSYoungGen: 3160928K->922688K(4660736K)] 12753963K->11269974K(18641920K), 1.0253850 secs] [Times: user=13.23 sys=0.07, real=1.02 secs] 
1887.340: [GC [PSYoungGen: 3314240K->837472K(4962816K)] 13661526K->12086054K(18944000K), 1.0231730 secs] [Times: user=13.21 sys=0.07, real=1.02 secs] 
1889.159: [GC [PSYoungGen: 3657056K->863200K(4847616K)] 14905638K->12939566K(18828800K), 1.4930750 secs] [Times: user=19.31 sys=0.07, real=1.50 secs] 
1897.435: [GC [PSYoungGen: 3682784K->604022K(5127680K)] 15759150K->13510308K(19108864K), 2.5884990 secs] [Times: user=33.50 sys=0.11, real=2.59 secs] 
1900.023: [Full GC [PSYoungGen: 604022K->0K(5127680K)] [ParOldGen: 12906286K->11908336K(13981184K)] 13510308K->11908336K(19108864K) [PSPermGen: 50387K->50387K(50688K)], 46.3423660 secs] [Times: user=122.85 sys=0.10, real=46.33 secs] 
1948.934: [GC [PSYoungGen: 3209216K->370923K(5072384K)] 15117552K->12279259K(19053568K), 0.2255310 secs] [Times: user=2.78 sys=0.01, real=0.23 secs] 
1951.148: [GC [PSYoungGen: 3566228K->983759K(5184512K)] 15474564K->12892095K(19165696K), 0.4667990 secs] [Times: user=6.02 sys=0.00, real=0.47 secs] 
1953.650: [GC [PSYoungGen: 4323023K->1806315K(5145600K)] 16231359K->13730587K(19126784K), 0.8482780 secs] [Times: user=11.00 sys=0.00, real=0.84 secs] 
1960.699: [GC [PSYoungGen: 5145579K->1328636K(4615168K)] 17069861K->13785338K(18596352K), 1.0440520 secs] [Times: user=13.53 sys=0.01, real=1.05 secs] 
1963.637: [GC [PSYoungGen: 4098556K->2007586K(4777984K)] 16555259K->14464290K(18759168K), 0.8856140 secs] [Times: user=11.44 sys=0.03, real=0.89 secs] 
1965.454: [GC [PSYoungGen: 4769388K->1450808K(4543488K)] 17226092K->15122613K(18524672K), 1.6445490 secs] [Times: user=21.33 sys=0.00, real=1.64 secs] 
1967.098: [Full GC [PSYoungGen: 1450808K->0K(4543488K)] [ParOldGen: 13671804K->8849268K(13981184K)] 15122613K->8849268K(18524672K) [PSPermGen: 50388K->50388K(50688K)], 13.4857720 secs] [Times: user=53.47 sys=0.06, real=13.49 secs] 
1981.224: [GC [PSYoungGen: 2330624K->619272K(4660736K)] 11179918K->9468566K(18641920K), 1.4549550 secs] [Times: user=18.86 sys=0.03, real=1.46 secs] 
1983.231: [GC [PSYoungGen: 2949896K->718450K(4715520K)] 11831959K->10146523K(18696704K), 1.9767630 secs] [Times: user=25.59 sys=0.06, real=1.98 secs] 
1985.860: [GC [PSYoungGen: 3103858K->1409743K(4660736K)] 12531931K->10837815K(18641920K), 0.7075800 secs] [Times: user=9.15 sys=0.02, real=0.71 secs] 
1987.193: [GC [PSYoungGen: 3764115K->2140845K(4623360K)] 13192188K->11568918K(18604544K), 0.7546720 secs] [Times: user=9.73 sys=0.03, real=0.76 secs] 
1988.627: [GC [PSYoungGen: 4471469K->1573382K(4660736K)] 13899542K->12128472K(18641920K), 1.6411240 secs] [Times: user=21.23 sys=0.07, real=1.64 secs] 
1990.990: [GC [PSYoungGen: 3904006K->775744K(4660736K)] 14459096K->12899062K(18641920K), 1.5901100 secs] [Times: user=20.59 sys=0.03, real=1.59 secs] 
1992.580: [Full GC [PSYoungGen: 775744K->0K(4660736K)] [ParOldGen: 12123318K->11656398K(13981184K)] 12899062K->11656398K(18641920K) [PSPermGen: 50388K->50388K(50688K)], 29.3220030 secs] [Times: user=87.08 sys=0.04, real=29.32 secs] 
2022.793: [GC [PSYoungGen: 2330624K->731888K(4660736K)] 13987022K->12388287K(18641920K), 2.0057230 secs] [Times: user=25.99 sys=0.03, real=2.00 secs] 
2026.023: [GC [PSYoungGen: 3062512K->846128K(4660736K)] 14718911K->13128655K(18641920K), 1.8297160 secs] [Times: user=23.70 sys=0.05, real=1.83 secs] 
2027.853: [Full GC [PSYoungGen: 846128K->0K(4660736K)] [ParOldGen: 12282527K->12990235K(13981184K)] 13128655K->12990235K(18641920K) [PSPermGen: 50388K->50388K(50688K)], 24.5696940 secs] [Times: user=91.28 sys=0.09, real=24.56 secs] 
2053.707: [Full GC [PSYoungGen: 2330624K->0K(4660736K)] [ParOldGen: 12990235K->13566010K(13981184K)] 15320859K->13566010K(18641920K) [PSPermGen: 50388K->50388K(50688K)], 12.6923750 secs] [Times: user=79.77 sys=0.08, real=12.69 secs] 
2070.759: [Full GC [PSYoungGen: 2330624K->0K(4660736K)] [ParOldGen: 13566014K->12360305K(13981184K)] 15896638K->12360305K(18641920K) [PSPermGen: 50388K->50388K(50688K)], 25.3773620 secs] [Times: user=92.87 sys=0.05, real=25.37 secs] 
2097.710: [Full GC [PSYoungGen: 2330624K->0K(4660736K)] [ParOldGen: 12425858K->10651355K(13981184K)] 14756482K->10651355K(18641920K) [PSPermGen: 50388K->50388K(50688K)], 14.3351340 secs] [Times: user=62.33 sys=0.06, real=14.34 secs] 
2113.864: [GC [PSYoungGen: 2330624K->493807K(4660736K)] 12981980K->11145163K(18641920K), 0.5400080 secs] [Times: user=6.94 sys=0.02, real=0.54 secs] 
2116.638: [GC [PSYoungGen: 2804274K->417784K(4672512K)] 13521167K->11600526K(18653696K), 0.5352090 secs] [Times: user=6.91 sys=0.01, real=0.53 secs] 
2141.301: [GC [PSYoungGen: 2760184K->639348K(4660736K)] 13947023K->11826187K(18641920K), 1.8520810 secs] [Times: user=23.97 sys=0.04, real=1.85 secs] 
2143.960: [GC [PSYoungGen: 2966223K->1394976K(4674048K)] 14153062K->12581815K(18655232K), 1.1605430 secs] [Times: user=15.04 sys=0.02, real=1.16 secs] 
2146.178: [GC [PSYoungGen: 3828000K->2068897K(4502016K)] 15014839K->13255736K(18483200K), 0.8509310 secs] [Times: user=10.97 sys=0.04, real=0.85 secs] 
2147.923: [GC [PSYoungGen: 4501921K->2192752K(4660736K)] 15688760K->13995677K(18641920K), 1.2394890 secs] [Times: user=16.05 sys=0.01, real=1.24 secs] 
2150.101: [GC [PSYoungGen: 4523376K->1648198K(4660736K)] 16326301K->14632088K(18641920K), 1.7724290 secs] [Times: user=22.98 sys=0.02, real=1.77 secs] 
2151.874: [Full GC [PSYoungGen: 1648198K->0K(4660736K)] [ParOldGen: 12983890K->9775566K(13981184K)] 14632088K->9775566K(18641920K) [PSPermGen: 50400K->50400K(50688K)], 16.7866960 secs] [Times: user=59.24 sys=0.04, real=16.78 secs] 
2170.894: [GC [PSYoungGen: 2330624K->770975K(4660736K)] 12106190K->10546542K(18641920K), 1.4220050 secs] [Times: user=18.43 sys=0.02, real=1.42 secs] 
2174.017: [GC [PSYoungGen: 3101599K->776035K(4660736K)] 12877166K->11278604K(18641920K), 0.6968810 secs] [Times: user=9.00 sys=0.03, real=0.70 secs] 
2176.279: [GC [PSYoungGen: 3106659K->799289K(4660736K)] 13609228K->11952377K(18641920K), 1.0175790 secs] [Times: user=13.19 sys=0.00, real=1.02 secs] 
2184.830: [GC [PSYoungGen: 3129913K->296936K(4660736K)] 14283001K->12243538K(18641920K), 1.0374350 secs] [Times: user=13.41 sys=0.01, real=1.04 secs] 
2202.435: [GC [PSYoungGen: 2627560K->636834K(4660736K)] 14639700K->12937786K(18641920K), 0.6890240 secs] [Times: user=8.91 sys=0.03, real=0.69 secs] 
2212.618: [GC [PSYoungGen: 2967458K->284303K(4660736K)] 15268410K->12782647K(18641920K), 9.5214310 secs] [Times: user=123.53 sys=0.16, real=9.52 secs] 
2224.529: [GC [PSYoungGen: 2614927K->130069K(4660736K)] 15113271K->12861427K(18641920K), 3.1572490 secs] [Times: user=40.94 sys=0.05, real=3.16 secs] 
2227.687: [Full GC [PSYoungGen: 130069K->0K(4660736K)] [ParOldGen: 12731358K->6791615K(13981184K)] 12861427K->6791615K(18641920K) [PSPermGen: 50468K->50448K(50688K)], 3.3889950 secs] [Times: user=23.55 sys=0.02, real=3.39 secs] 
2232.717: [GC [PSYoungGen: 2330624K->482464K(4660736K)] 9122239K->7274079K(18641920K), 0.3737680 secs] [Times: user=4.81 sys=0.01, real=0.37 secs] 
2234.581: [GC [PSYoungGen: 2813088K->708891K(4785664K)] 9604703K->7885034K(18766848K), 0.8307490 secs] [Times: user=10.74 sys=0.03, real=0.84 secs] 
2236.256: [GC [PSYoungGen: 3164443K->1358432K(4660736K)] 10340586K->8534575K(18641920K), 0.7243080 secs] [Times: user=9.38 sys=0.01, real=0.72 secs] 
2237.767: [GC [PSYoungGen: 3813984K->2149536K(4601856K)] 10990127K->9325679K(18583040K), 0.7658630 secs] [Times: user=9.90 sys=0.00, real=0.77 secs] 
2239.237: [GC [PSYoungGen: 4480160K->1404096K(4660736K)] 11656303K->9801988K(18641920K), 1.6387320 secs] [Times: user=21.26 sys=0.01, real=1.64 secs] 
2241.667: [GC [PSYoungGen: 3734720K->788768K(4660736K)] 12132612K->10465568K(18641920K), 1.5169130 secs] [Times: user=19.67 sys=0.00, real=1.52 secs] 
2244.148: [GC [PSYoungGen: 3119392K->750400K(4660736K)] 12796192K->11232096K(18641920K), 1.9911330 secs] [Times: user=25.81 sys=0.05, real=1.99 secs] 
2249.938: [GC [PSYoungGen: 3081024K->780156K(4718080K)] 13562727K->11954596K(18699264K), 1.0848400 secs] [Times: user=14.04 sys=0.03, real=1.08 secs] 
2255.617: [GC [PSYoungGen: 3168124K->156708K(4660736K)] 14342570K->11906631K(18641920K), 1.2848050 secs] [Times: user=16.59 sys=0.03, real=1.28 secs] 
2259.503: [GC [PSYoungGen: 2544676K->313493K(4756992K)] 14294600K->12063417K(18738176K), 0.1484260 secs] [Times: user=1.84 sys=0.01, real=0.15 secs] 
2260.445: [GC [PSYoungGen: 2792597K->847741K(4712960K)] 14542521K->12597664K(18694144K), 0.3058520 secs] [Times: user=3.91 sys=0.00, real=0.31 secs] 
2261.428: [GC [PSYoungGen: 3326845K->1462147K(4672512K)] 15076768K->13212071K(18653696K), 0.5658240 secs] [Times: user=7.31 sys=0.03, real=0.56 secs] 
2262.558: [GC [PSYoungGen: 4032387K->2102688K(4673024K)] 15782311K->13852612K(18654208K), 0.7494700 secs] [Times: user=9.71 sys=0.00, real=0.75 secs] 
2263.758: [GC [PSYoungGen: 4672928K->2317792K(4648448K)] 16422852K->14490256K(18629632K), 1.1948050 secs] [Times: user=15.49 sys=0.01, real=1.19 secs] 
2265.380: [GC [PSYoungGen: 4648416K->2211584K(4660736K)] 16820880K->15240252K(18641920K), 1.4233920 secs] [Times: user=18.45 sys=0.01, real=1.42 secs] 
2266.804: [Full GC [PSYoungGen: 2211584K->0K(4660736K)] [ParOldGen: 13028668K->9956697K(13981184K)] 15240252K->9956697K(18641920K) [PSPermGen: 50448K->50448K(50688K)], 16.3413900 secs] [Times: user=58.34 sys=0.02, real=16.34 secs] 
2283.596: [GC [PSYoungGen: 2330624K->793216K(4660736K)] 12287321K->10749913K(18641920K), 2.1166590 secs] [Times: user=27.38 sys=0.08, real=2.12 secs] 
2286.260: [GC [PSYoungGen: 3123840K->637280K(4660736K)] 13080537K->11381769K(18641920K), 2.4386890 secs] [Times: user=31.64 sys=0.03, real=2.43 secs] 
2289.342: [GC [PSYoungGen: 2967904K->867264K(4660736K)] 13712393K->12241473K(18641920K), 3.0951760 secs] [Times: user=40.11 sys=0.09, real=3.09 secs] 
2293.805: [GC [PSYoungGen: 3197888K->595328K(4660736K)] 14572097K->12815033K(18641920K), 1.0255660 secs] [Times: user=13.26 sys=0.02, real=1.03 secs] 
2301.753: [GC [PSYoungGen: 2925952K->206331K(4660736K)] 15145675K->12937710K(18641920K), 3.5136790 secs] [Times: user=45.52 sys=0.06, real=3.51 secs] 
2305.267: [Full GC [PSYoungGen: 206331K->0K(4660736K)] [ParOldGen: 12731378K->10488192K(13981184K)] 12937710K->10488192K(18641920K) [PSPermGen: 50449K->50449K(50688K)], 29.3104290 secs] [Times: user=88.08 sys=0.02, real=29.31 secs] 
2336.480: [GC [PSYoungGen: 2330624K->163308K(4660736K)] 12819861K->10652546K(18641920K), 0.1189710 secs] [Times: user=1.41 sys=0.01, real=0.12 secs] 
2339.310: [GC [PSYoungGen: 2493932K->550208K(4660736K)] 12983171K->11174423K(18641920K), 0.4708540 secs] [Times: user=6.09 sys=0.01, real=0.47 secs] 
2341.994: [GC [PSYoungGen: 2880832K->495827K(4660736K)] 13505047K->11647158K(18641920K), 0.8421490 secs] [Times: user=10.91 sys=0.00, real=0.84 secs] 
2343.629: [GC [PSYoungGen: 2826451K->640408K(4660736K)] 13977782K->12193863K(18641920K), 1.7621400 secs] [Times: user=22.84 sys=0.03, real=1.76 secs] 
2346.173: [GC [PSYoungGen: 2971032K->763456K(4660736K)] 14524487K->12814640K(18641920K), 0.7390280 secs] [Times: user=9.57 sys=0.00, real=0.74 secs] 
2347.650: [GC [PSYoungGen: 3094080K->1377632K(4619776K)] 15145264K->13428816K(18600960K), 0.5453800 secs] [Times: user=7.05 sys=0.00, real=0.54 secs] 
2348.964: [GC [PSYoungGen: 3756384K->2030688K(4409856K)] 15807568K->14081872K(18391040K), 0.8424150 secs] [Times: user=10.92 sys=0.00, real=0.84 secs] 
2351.060: [GC [PSYoungGen: 4409440K->1804464K(4660736K)] 16460624K->15019268K(18641920K), 1.6871090 secs] [Times: user=21.89 sys=0.02, real=1.68 secs] 
2352.748: [Full GC [PSYoungGen: 1804464K->0K(4660736K)] [ParOldGen: 13214804K->10540902K(13981184K)] 15019268K->10540902K(18641920K) [PSPermGen: 50449K->50449K(50688K)], 26.2145090 secs] [Times: user=77.34 sys=0.04, real=26.21 secs] 
2380.423: [GC [PSYoungGen: 2330624K->591973K(4660736K)] 12871526K->11132876K(18641920K), 1.1990460 secs] [Times: user=15.51 sys=0.03, real=1.20 secs] 
2382.807: [GC [PSYoungGen: 2922597K->752637K(4660736K)] 13463500K->11775966K(18641920K), 0.7579020 secs] [Times: user=9.79 sys=0.01, real=0.75 secs] 
2384.709: [GC [PSYoungGen: 3083261K->796830K(4660736K)] 14106590K->12470427K(18641920K), 1.0017250 secs] [Times: user=12.96 sys=0.01, real=1.00 secs] 
2388.833: [GC [PSYoungGen: 3127454K->633790K(4664832K)] 14801051K->13096571K(18646016K), 0.9813160 secs] [Times: user=12.68 sys=0.01, real=0.98 secs] 
2392.285: [GC [PSYoungGen: 2967324K->896999K(4660736K)] 15434201K->13363876K(18641920K), 1.6299620 secs] [Times: user=21.08 sys=0.04, real=1.63 secs] 
2395.201: [GC [PSYoungGen: 3231719K->1453275K(4664832K)] 15698600K->13920155K(18646016K), 0.7101850 secs] [Times: user=9.17 sys=0.03, real=0.71 secs] 
2396.952: [GC [PSYoungGen: 3923163K->1966660K(4436992K)] 16390043K->14433541K(18418176K), 0.8428930 secs] [Times: user=10.88 sys=0.02, real=0.84 secs] 
2398.826: [GC [PSYoungGen: 4436548K->1805349K(4660736K)] 16903447K->15019408K(18641920K), 1.1616330 secs] [Times: user=15.03 sys=0.03, real=1.17 secs] 
2399.988: [Full GC [PSYoungGen: 1805349K->0K(4660736K)] [ParOldGen: 13214059K->10416599K(13981184K)] 15019408K->10416599K(18641920K) [PSPermGen: 50450K->50450K(50688K)], 23.9257900 secs] [Times: user=77.22 sys=0.03, real=23.92 secs] 
2425.192: [GC [PSYoungGen: 2330624K->604797K(4660736K)] 12747238K->11021411K(18641920K), 1.1571090 secs] [Times: user=14.96 sys=0.01, real=1.15 secs] 
2428.384: [GC [PSYoungGen: 2935421K->510609K(4660736K)] 13352036K->11557386K(18641920K), 0.8768410 secs] [Times: user=11.33 sys=0.03, real=0.87 secs] 
2430.315: [GC [PSYoungGen: 2841233K->593779K(4660736K)] 13888010K->12154219K(18641920K), 1.4689530 secs] [Times: user=19.00 sys=0.06, real=1.47 secs] 
2432.574: [GC [PSYoungGen: 2921599K->671805K(4660736K)] 14482039K->12760418K(18641920K), 0.7589790 secs] [Times: user=9.81 sys=0.03, real=0.76 secs] 
2434.066: [GC [PSYoungGen: 3002429K->898944K(4660736K)] 15091042K->13601640K(18641920K), 0.9139700 secs] [Times: user=11.83 sys=0.01, real=0.91 secs] 
2435.709: [GC [PSYoungGen: 3224241K->1629028K(4563968K)] 15926937K->14331725K(18545152K), 0.6608630 secs] [Times: user=8.57 sys=0.00, real=0.66 secs] 
2437.230: [GC-- [PSYoungGen: 3959652K->3959652K(4563968K)] 16662349K->17940835K(18545152K), 10.3202300 secs] [Times: user=28.20 sys=79.32, real=10.32 secs] 
2447.550: [Full GC [PSYoungGen: 3959652K->0K(4563968K)] [ParOldGen: 13981182K->12426329K(13981184K)] 17940835K->12426329K(18545152K) [PSPermGen: 50454K->50454K(50688K)], 35.8371570 secs] [Times: user=108.14 sys=0.02, real=35.83 secs] 
2484.294: [GC [PSYoungGen: 2330624K->646616K(4660736K)] 14756954K->13072946K(18641920K), 1.1685420 secs] [Times: user=15.13 sys=0.03, real=1.17 secs] 
2486.826: [GC [PSYoungGen: 2967128K->1378949K(4675584K)] 15393458K->13805280K(18656768K), 1.4144250 secs] [Times: user=18.31 sys=0.03, real=1.41 secs] 
2490.425: [GC [PSYoungGen: 3726472K->1726858K(4116992K)] 16195828K->14196214K(18098176K), 1.8089900 secs] [Times: user=23.42 sys=0.05, real=1.81 secs] 
2496.078: [GC [PSYoungGen: 4116874K->1748359K(4660736K)] 16586232K->15407785K(18641920K), 1.6653100 secs] [Times: user=21.55 sys=0.05, real=1.67 secs] 
2497.743: [Full GC [PSYoungGen: 1748359K->0K(4660736K)] [ParOldGen: 13659426K->10954166K(13981184K)] 15407785K->10954166K(18641920K) [PSPermGen: 50454K->50454K(50688K)], 24.0020060 secs] [Times: user=77.87 sys=0.03, real=23.99 secs] 
2596.299: [GC [PSYoungGen: 2330624K->181067K(4660736K)] 13284790K->11135233K(18641920K), 0.1010250 secs] [Times: user=1.13 sys=0.00, real=0.10 secs] 
2599.229: [GC [PSYoungGen: 2511691K->331473K(4660736K)] 13465857K->11418222K(18641920K), 0.5070850 secs] [Times: user=6.53 sys=0.02, real=0.50 secs] 
2601.436: [GC [PSYoungGen: 2662097K->381029K(4660736K)] 13748859K->11770507K(18641920K), 0.6448270 secs] [Times: user=8.33 sys=0.02, real=0.65 secs] 
2602.654: [GC [PSYoungGen: 2711653K->647482K(4660736K)] 14101162K->12386995K(18641920K), 1.1407920 secs] [Times: user=14.79 sys=0.01, real=1.14 secs] 
2604.295: [GC [PSYoungGen: 2978106K->693632K(4660736K)] 14721717K->13027007K(18641920K), 0.7334240 secs] [Times: user=9.51 sys=0.00, real=0.74 secs] 
2605.534: [GC [PSYoungGen: 3024256K->1364128K(4640768K)] 15357631K->13697503K(18621952K), 1.9896810 secs] [Times: user=25.81 sys=0.02, real=1.99 secs] 
2608.024: [GC [PSYoungGen: 3734688K->1476320K(3847168K)] 16068063K->14371799K(17828352K), 1.4554340 secs] [Times: user=18.89 sys=0.01, real=1.46 secs] 
2609.480: [Full GC [PSYoungGen: 1476320K->0K(3847168K)] [ParOldGen: 12895479K->9725677K(13981184K)] 14371799K->9725677K(17828352K) [PSPermGen: 50455K->50455K(50688K)], 14.8576630 secs] [Times: user=57.52 sys=0.02, real=14.85 secs] 
2624.873: [GC [PSYoungGen: 2370560K->666368K(4701184K)] 12096237K->10392045K(18682368K), 1.8420170 secs] [Times: user=23.88 sys=0.02, real=1.84 secs] 
2627.261: [GC [PSYoungGen: 3037440K->1085888K(4660736K)] 12763117K->11476069K(18641920K), 1.5374230 secs] [Times: user=19.89 sys=0.06, real=1.54 secs] 
2629.448: [GC [PSYoungGen: 3456960K->524160K(4834304K)] 13847141K->11999125K(18815488K), 2.5937710 secs] [Times: user=33.62 sys=0.04, real=2.59 secs] 
2636.235: [GC [PSYoungGen: 3153280K->649664K(4785664K)] 14628245K->12633317K(18766848K), 1.8552400 secs] [Times: user=24.01 sys=0.06, real=1.85 secs] 
2642.231: [GC [PSYoungGen: 3278784K->428857K(4951040K)] 15262451K->12804791K(18932224K), 1.5904260 secs] [Times: user=20.62 sys=0.02, real=1.59 secs] 
2645.826: [GC [PSYoungGen: 3300665K->182693K(4911616K)] 15676600K->12980410K(18892800K), 0.6972130 secs] [Times: user=8.96 sys=0.01, real=0.69 secs] 
2653.203: [GC [PSYoungGen: 3054501K->522316K(5038592K)] 15852218K->13320032K(19019776K), 0.3245750 secs] [Times: user=4.18 sys=0.00, real=0.33 secs] 
2654.625: [GC [PSYoungGen: 3527244K->1317151K(4322304K)] 16324960K->14114868K(18303488K), 0.5910170 secs] [Times: user=7.64 sys=0.01, real=0.60 secs] 
2656.106: [GC [PSYoungGen: 4322079K->1968154K(4371456K)] 17119796K->14765871K(18352640K), 0.9270760 secs] [Times: user=12.02 sys=0.00, real=0.92 secs] 
2657.581: [GC [PSYoungGen: 4298318K->2246944K(4660736K)] 17096035K->15389508K(18641920K), 1.1004600 secs] [Times: user=14.28 sys=0.00, real=1.10 secs] 
2658.682: [Full GC [PSYoungGen: 2246944K->0K(4660736K)] [ParOldGen: 13142564K->9099868K(13981184K)] 15389508K->9099868K(18641920K) [PSPermGen: 50456K->50456K(50688K)], 15.1261700 secs] [Times: user=51.94 sys=0.02, real=15.12 secs] 
2674.296: [GC [PSYoungGen: 2330624K->750560K(4660736K)] 11430492K->9850428K(18641920K), 1.1669850 secs] [Times: user=15.11 sys=0.01, real=1.17 secs] 
2675.962: [GC [PSYoungGen: 3081184K->687328K(4660736K)] 12181052K->10456856K(18641920K), 2.7797140 secs] [Times: user=36.07 sys=0.02, real=2.78 secs] 
2679.415: [GC [PSYoungGen: 3017952K->781088K(4660736K)] 12787480K->11169592K(18641920K), 1.0811380 secs] [Times: user=13.98 sys=0.04, real=1.08 secs] 
2681.347: [GC [PSYoungGen: 3111712K->765600K(4660736K)] 13500216K->11920249K(18641920K), 0.8808440 secs] [Times: user=11.38 sys=0.02, real=0.88 secs] 
2685.851: [GC [PSYoungGen: 3096224K->680757K(4809216K)] 14250873K->12534678K(18790400K), 0.9213890 secs] [Times: user=11.89 sys=0.04, real=0.93 secs] 
2691.429: [GC [PSYoungGen: 3223349K->238342K(4724224K)] 15077276K->12584322K(18705408K), 1.7793620 secs] [Times: user=23.03 sys=0.03, real=1.78 secs] 
2695.226: [GC [PSYoungGen: 2780934K->230416K(4843520K)] 15126915K->12787948K(18824704K), 0.2494090 secs] [Times: user=3.14 sys=0.00, real=0.25 secs] 
2696.932: [GC [PSYoungGen: 2901520K->786312K(4818432K)] 15459052K->13343844K(18799616K), 0.4725510 secs] [Times: user=6.10 sys=0.02, real=0.47 secs] 
2698.084: [GC [PSYoungGen: 3457416K->1373004K(4792320K)] 16014948K->13930536K(18773504K), 0.7494230 secs] [Times: user=9.71 sys=0.01, real=0.75 secs] 
2699.466: [GC [PSYoungGen: 4150364K->2105850K(4884992K)] 16707895K->14681837K(18866176K), 0.8607900 secs] [Times: user=11.15 sys=0.01, real=0.86 secs] 
2700.931: [GC [PSYoungGen: 4884986K->2105852K(4436480K)] 17460973K->15314492K(18417664K), 1.2011280 secs] [Times: user=15.59 sys=0.00, real=1.20 secs] 
2702.133: [Full GC [PSYoungGen: 2105852K->0K(4436480K)] [ParOldGen: 13208640K->9285843K(13981184K)] 15314492K->9285843K(18417664K) [PSPermGen: 50458K->50458K(50688K)], 12.2033580 secs] [Times: user=51.00 sys=0.02, real=12.21 secs] 
2714.785: [GC [PSYoungGen: 2293387K->767994K(4660736K)] 11579230K->10053837K(18641920K), 1.8787200 secs] [Times: user=24.38 sys=0.00, real=1.87 secs] 
2717.194: [GC [PSYoungGen: 3098618K->823008K(4660736K)] 12384461K->10823640K(18641920K), 2.7824410 secs] [Times: user=36.08 sys=0.06, real=2.79 secs] 
2720.511: [GC [PSYoungGen: 3153632K->653024K(4660736K)] 13154264K->11449128K(18641920K), 1.6274570 secs] [Times: user=21.09 sys=0.02, real=1.63 secs] 
2723.022: [GC [PSYoungGen: 2983648K->770912K(4660736K)] 13779752K->12192536K(18641920K), 2.0501660 secs] [Times: user=26.55 sys=0.06, real=2.05 secs] 
2729.575: [GC [PSYoungGen: 3101536K->758804K(4660736K)] 14523160K->12860036K(18641920K), 1.0161490 secs] [Times: user=13.14 sys=0.02, real=1.02 secs] 
2734.433: [GC [PSYoungGen: 3089428K->207882K(4660736K)] 15190666K->12862497K(18641920K), 1.1533020 secs] [Times: user=14.91 sys=0.02, real=1.15 secs] 
2738.047: [GC [PSYoungGen: 2538506K->149532K(4660736K)] 15197217K->12990307K(18641920K), 0.1746470 secs] [Times: user=2.20 sys=0.00, real=0.18 secs] 
2738.222: [Full GC [PSYoungGen: 149532K->0K(4660736K)] [ParOldGen: 12840775K->6731882K(13981184K)] 12990307K->6731882K(18641920K) [PSPermGen: 50458K->50458K(50688K)], 5.2247360 secs] [Times: user=25.16 sys=0.02, real=5.22 secs] 
2745.544: [GC [PSYoungGen: 2330624K->360935K(4682752K)] 9062506K->7092818K(18663936K), 0.2515190 secs] [Times: user=3.22 sys=0.03, real=0.25 secs] 
2746.419: [GC [PSYoungGen: 2713575K->1004728K(4660736K)] 9445458K->7736610K(18641920K), 0.4584150 secs] [Times: user=5.93 sys=0.01, real=0.46 secs] 
2747.333: [GC [PSYoungGen: 3357368K->1713600K(4567040K)] 10089250K->8445483K(18548224K), 0.5761620 secs] [Times: user=7.45 sys=0.00, real=0.57 secs] 
2748.387: [GC [PSYoungGen: 4044224K->1513916K(4660736K)] 10776107K->9095775K(18641920K), 1.7289130 secs] [Times: user=22.43 sys=0.01, real=1.73 secs] 
2750.554: [GC [PSYoungGen: 3844540K->811968K(4660736K)] 11426399K->9798615K(18641920K), 1.5869580 secs] [Times: user=20.59 sys=0.00, real=1.59 secs] 
2752.601: [GC [PSYoungGen: 3142592K->724352K(4660736K)] 12129239K->10498967K(18641920K), 1.2204500 secs] [Times: user=15.80 sys=0.03, real=1.23 secs] 
2754.289: [GC [PSYoungGen: 3054976K->900128K(4852224K)] 12829591K->11387879K(18833408K), 1.9935830 secs] [Times: user=25.82 sys=0.05, real=2.00 secs] 
2756.925: [GC [PSYoungGen: 3483680K->874560K(4722176K)] 13971431K->12259319K(18703360K), 2.2572270 secs] [Times: user=29.28 sys=0.04, real=2.26 secs] 
2759.807: [GC [PSYoungGen: 3458112K->686144K(5037568K)] 14842871K->12937920K(19018752K), 2.4930120 secs] [Times: user=32.34 sys=0.04, real=2.49 secs] 
2770.015: [GC [PSYoungGen: 3691058K->639903K(4965888K)] 15960302K->13571282K(18947072K), 3.3796040 secs] [Times: user=43.84 sys=0.03, real=3.38 secs] 
2773.395: [Full GC [PSYoungGen: 639903K->0K(4965888K)] [ParOldGen: 12931379K->11661228K(13981184K)] 13571282K->11661228K(18947072K) [PSPermGen: 50458K->50458K(50688K)], 34.8739100 secs] [Times: user=105.85 sys=0.03, real=34.87 secs] 
2809.975: [GC [PSYoungGen: 3012608K->545845K(5147136K)] 14673851K->12207089K(19128320K), 0.2114250 secs] [Times: user=2.65 sys=0.01, real=0.21 secs] 
2811.762: [GC [PSYoungGen: 3802165K->730631K(5100032K)] 15463410K->12951980K(19081216K), 0.3864110 secs] [Times: user=4.96 sys=0.02, real=0.38 secs] 
2814.473: [GC [PSYoungGen: 3957297K->1016421K(5253120K)] 16178646K->14056180K(19234304K), 0.8430150 secs] [Times: user=10.90 sys=0.02, real=0.84 secs] 
2815.316: [Full GC [PSYoungGen: 1016421K->0K(5253120K)] [ParOldGen: 13039758K->8430473K(13981184K)] 14056180K->8430473K(19234304K) [PSPermGen: 50458K->50458K(50688K)], 6.0438520 secs] [Times: user=33.49 sys=0.02, real=6.04 secs] 
2888.361: [GC [PSYoungGen: 3492352K->317629K(5230080K)] 11922825K->8748103K(19211264K), 1.7873650 secs] [Times: user=23.05 sys=0.04, real=1.79 secs] 
2892.397: [GC [PSYoungGen: 3809981K->967685K(5282304K)] 12240455K->9398159K(19263488K), 1.2181710 secs] [Times: user=15.77 sys=0.02, real=1.22 secs] 
2894.423: [GC [PSYoungGen: 4511749K->1708515K(5252608K)] 12942223K->10207757K(19233792K), 0.8214850 secs] [Times: user=10.65 sys=0.01, real=0.82 secs] 
2895.948: [GC [PSYoungGen: 5252579K->1738208K(4068864K)] 13751821K->11144999K(18050048K), 1.4498620 secs] [Times: user=18.79 sys=0.02, real=1.45 secs] 
2897.858: [GC [PSYoungGen: 4068832K->663136K(4660736K)] 13475623K->11789928K(18641920K), 1.5229090 secs] [Times: user=19.76 sys=0.00, real=1.52 secs] 
2899.941: [GC [PSYoungGen: 2957300K->805888K(4660736K)] 14084092K->12558880K(18641920K), 0.9888970 secs] [Times: user=12.80 sys=0.03, real=0.99 secs] 
2901.520: [GC [PSYoungGen: 3136512K->750432K(4660736K)] 14889504K->13306272K(18641920K), 0.9046220 secs] [Times: user=11.72 sys=0.02, real=0.91 secs] 
2902.424: [Full GC [PSYoungGen: 750432K->0K(4660736K)] [ParOldGen: 12555840K->10886076K(13981184K)] 13306272K->10886076K(18641920K) [PSPermGen: 50461K->50461K(50688K)], 19.1679850 secs] [Times: user=68.68 sys=0.01, real=19.16 secs] 
2922.376: [GC [PSYoungGen: 2330624K->595008K(4797440K)] 13216700K->11481084K(18778624K), 1.5427310 secs] [Times: user=19.94 sys=0.05, real=1.55 secs] 
2930.586: [GC [PSYoungGen: 3139648K->484898K(4738048K)] 14025724K->11938263K(18719232K), 1.8411390 secs] [Times: user=23.84 sys=0.02, real=1.85 secs] 
2934.911: [GC [PSYoungGen: 3029538K->105891K(4820480K)] 14482906K->11923077K(18801664K), 3.1889600 secs] [Times: user=41.33 sys=0.03, real=3.19 secs] 
2949.346: [GC [PSYoungGen: 2778531K->222964K(4831744K)] 14595718K->12121044K(18812928K), 0.1890610 secs] [Times: user=2.36 sys=0.02, real=0.19 secs] 
2950.283: [GC [PSYoungGen: 2894616K->701043K(4988928K)] 14792696K->12802295K(18970112K), 0.4519220 secs] [Times: user=5.84 sys=0.00, real=0.45 secs] 
2951.275: [GC [PSYoungGen: 3562099K->920960K(4862976K)] 15663351K->13637085K(18844160K), 0.8167160 secs] [Times: user=10.59 sys=0.00, real=0.82 secs] 
2952.091: [Full GC [PSYoungGen: 920960K->0K(4862976K)] [ParOldGen: 12716124K->8223351K(13981184K)] 13637085K->8223351K(18844160K) [PSPermGen: 50461K->50461K(50688K)], 6.8347520 secs] [Times: user=36.74 sys=0.02, real=6.83 secs] 
2959.476: [GC [PSYoungGen: 2861056K->890016K(5126144K)] 11084407K->9113367K(19107328K), 1.2310750 secs] [Times: user=15.92 sys=0.04, real=1.23 secs] 
2961.363: [GC [PSYoungGen: 4078240K->992448K(5052928K)] 12301591K->10039104K(19034112K), 2.2258580 secs] [Times: user=28.89 sys=0.02, real=2.22 secs] 
2964.257: [GC [PSYoungGen: 4180672K->1130816K(5122560K)] 13227328K->11169256K(19103744K), 1.1711760 secs] [Times: user=15.15 sys=0.03, real=1.17 secs] 
2966.228: [GC [PSYoungGen: 4419904K->829536K(5139968K)] 14458344K->11997928K(19121152K), 2.4287260 secs] [Times: user=31.50 sys=0.05, real=2.43 secs] 
2976.668: [GC [PSYoungGen: 4118624K->335191K(5245440K)] 15287023K->12321174K(19226624K), 2.4644030 secs] [Times: user=31.91 sys=0.06, real=2.46 secs] 
2983.029: [GC [PSYoungGen: 3829591K->175130K(3670016K)] 15815575K->12453814K(17651200K), 1.8038260 secs] [Times: user=23.33 sys=0.04, real=1.80 secs] 
2990.330: [GC [PSYoungGen: 3669530K->809210K(5309440K)] 15948214K->13168166K(19290624K), 0.4060660 secs] [Times: user=5.25 sys=0.00, real=0.40 secs] 
2991.758: [GC [PSYoungGen: 4365050K->1075648K(5237248K)] 16724006K->14126928K(19218432K), 0.9182280 secs] [Times: user=11.87 sys=0.00, real=0.91 secs] 
2992.677: [Full GC [PSYoungGen: 1075648K->0K(5237248K)] [ParOldGen: 13051280K->8359066K(13981184K)] 14126928K->8359066K(19218432K) [PSPermGen: 50461K->50461K(50688K)], 8.2034310 secs] [Times: user=40.60 sys=0.02, real=8.20 secs] 
3001.737: [GC [PSYoungGen: 3555840K->1109856K(5214208K)] 11914906K->9468922K(19195392K), 2.1497160 secs] [Times: user=27.84 sys=0.03, real=2.15 secs] 
3004.636: [GC [PSYoungGen: 4610912K->1250464K(4751872K)] 12969978K->10744722K(18733056K), 1.3215280 secs] [Times: user=17.11 sys=0.01, real=1.32 secs] 
3006.904: [GC [PSYoungGen: 4751520K->874976K(5260800K)] 14245778K->11536867K(19241984K), 1.5283880 secs] [Times: user=19.77 sys=0.06, real=1.53 secs] 
3010.346: [GC [PSYoungGen: 4319200K->1157952K(5174272K)] 14981091K->12580755K(19155456K), 1.4592220 secs] [Times: user=18.90 sys=0.03, real=1.46 secs] 
3019.407: [GC [PSYoungGen: 4602176K->217908K(5184000K)] 16024981K->12635634K(19165184K), 1.2228480 secs] [Times: user=15.79 sys=0.01, real=1.22 secs] 
3020.630: [Full GC [PSYoungGen: 217908K->0K(5184000K)] [ParOldGen: 12417725K->8681391K(13981184K)] 12635634K->8681391K(19165184K) [PSPermGen: 50461K->50461K(50688K)], 13.2118270 secs] [Times: user=54.46 sys=0.03, real=13.21 secs] 
3038.421: [GC [PSYoungGen: 3428352K->332661K(5209600K)] 12109747K->9014056K(19190784K), 0.1621980 secs] [Times: user=2.02 sys=0.03, real=0.16 secs] 
3039.337: [GC [PSYoungGen: 3761013K->1020896K(5230080K)] 12442408K->9952451K(19211264K), 0.4796310 secs] [Times: user=6.20 sys=0.00, real=0.48 secs] 
3040.517: [GC [PSYoungGen: 4484576K->1174624K(4638720K)] 13416131K->10992056K(18619904K), 1.0444780 secs] [Times: user=13.54 sys=0.01, real=1.04 secs] 
3042.286: [GC [PSYoungGen: 4638304K->1111616K(5172224K)] 14455736K->11947568K(19153408K), 1.2585700 secs] [Times: user=16.32 sys=0.02, real=1.25 secs] 
3044.235: [GC [PSYoungGen: 4478528K->1189888K(4557312K)] 15314480K->13137384K(18538496K), 2.5394300 secs] [Times: user=32.96 sys=0.02, real=2.54 secs] 
3047.607: [GC [PSYoungGen: 4556800K->1079136K(5176832K)] 16504296K->14215496K(19158016K), 1.6185840 secs] [Times: user=20.94 sys=0.06, real=1.62 secs] 
3049.226: [Full GC [PSYoungGen: 1079136K->0K(5176832K)] [ParOldGen: 13136360K->11521038K(13981184K)] 14215496K->11521038K(19158016K) [PSPermGen: 50461K->50461K(50688K)], 20.9188010 secs] [Times: user=79.14 sys=0.10, real=20.91 secs] 
3071.479: [GC [PSYoungGen: 3317760K->842930K(5151744K)] 14838798K->12363968K(19132928K), 2.2708340 secs] [Times: user=29.45 sys=0.03, real=2.27 secs] 
3077.951: [GC [PSYoungGen: 4165245K->1015714K(5297152K)] 15686283K->13222056K(19278336K), 2.3508860 secs] [Times: user=30.50 sys=0.03, real=2.35 secs] 
3080.302: [Full GC [PSYoungGen: 1015714K->0K(5297152K)] [ParOldGen: 12206342K->13089113K(13981184K)] 13222056K->13089113K(19278336K) [PSPermGen: 50461K->50461K(50688K)], 20.5057070 secs] [Times: user=84.48 sys=0.01, real=20.50 secs] 
3105.485: [Full GC [PSYoungGen: 3561984K->0K(5297152K)] [ParOldGen: 13089122K->10699860K(13981184K)] 16651106K->10699860K(19278336K) [PSPermGen: 50461K->50461K(50688K)], 18.0854410 secs] [Times: user=70.29 sys=0.00, real=18.08 secs]  
