1061.946: [GC [PSYoungGen: 2330624K->317619K(4660736K)] 8396344K->6383340K(18641920K), 2.2835230 secs] [Times: user=29.54 sys=0.04, real=2.28 secs] 
1068.097: [GC [PSYoungGen: 2648243K->321440K(4660736K)] 8713964K->6629451K(18641920K), 2.6489360 secs] [Times: user=34.34 sys=0.05, real=2.65 secs] 
1072.221: [GC [PSYoungGen: 2652064K->625649K(4660736K)] 8960075K->7207609K(18641920K), 0.5414130 secs] [Times: user=6.98 sys=0.03, real=0.54 secs] 
1073.937: [GC [PSYoungGen: 2956273K->639450K(4660736K)] 9538233K->7683370K(18641920K), 0.9009910 secs] [Times: user=11.63 sys=0.04, real=0.90 secs] 
1076.535: [GC [PSYoungGen: 2970074K->565176K(4660736K)] 10014019K->8272977K(18641920K), 0.8037140 secs] [Times: user=10.40 sys=0.02, real=0.81 secs] 
1079.313: [GC [PSYoungGen: 2895800K->1237088K(4717568K)] 10603601K->8944889K(18698752K), 0.7414010 secs] [Times: user=9.59 sys=0.01, real=0.74 secs] 
1088.774: [GC [PSYoungGen: 3682400K->950807K(4718080K)] 11390201K->8658608K(18699264K), 0.7983190 secs] [Times: user=10.30 sys=0.02, real=0.80 secs] 
1097.781: [GC [PSYoungGen: 3396119K->1125184K(4875264K)] 11103920K->8832985K(18856448K), 0.6314770 secs] [Times: user=8.16 sys=0.01, real=0.63 secs] 
1099.549: [GC [PSYoungGen: 3843392K->2009504K(4727808K)] 11551193K->9717305K(18708992K), 0.7882410 secs] [Times: user=10.21 sys=0.01, real=0.79 secs] 
1101.479: [GC [PSYoungGen: 4727712K->2263008K(4593664K)] 12435513K->10461993K(18574848K), 1.1228900 secs] [Times: user=14.55 sys=0.01, real=1.13 secs] 
1103.699: [GC [PSYoungGen: 4593632K->2307481K(4660736K)] 12792617K->11082851K(18641920K), 1.2818020 secs] [Times: user=16.64 sys=0.00, real=1.29 secs] 
1106.653: [GC [PSYoungGen: 4638105K->1167825K(4660736K)] 13413475K->11621238K(18641920K), 1.8709430 secs] [Times: user=24.29 sys=0.01, real=1.87 secs] 
1109.134: [GC [PSYoungGen: 3498449K->758336K(4660736K)] 13951862K->12289942K(18641920K), 3.0411960 secs] [Times: user=39.46 sys=0.05, real=3.04 secs] 
1112.824: [GC [PSYoungGen: 3088960K->882272K(4660736K)] 14620566K->13132266K(18641920K), 0.8520180 secs] [Times: user=11.03 sys=0.02, real=0.85 secs] 
1113.676: [Full GC [PSYoungGen: 882272K->0K(4660736K)] [ParOldGen: 12249994K->10238254K(13981184K)] 13132266K->10238254K(18641920K) [PSPermGen: 50359K->50359K(53760K)], 25.0815060 secs] [Times: user=71.64 sys=0.01, real=25.08 secs] 
1139.493: [GC [PSYoungGen: 2330624K->770304K(4660736K)] 12568878K->11008558K(18641920K), 1.2636370 secs] [Times: user=16.36 sys=0.03, real=1.27 secs] 
1141.738: [GC [PSYoungGen: 3100928K->888928K(4660736K)] 13339182K->11854494K(18641920K), 0.9685210 secs] [Times: user=12.52 sys=0.04, real=0.96 secs] 
1143.864: [GC [PSYoungGen: 3219552K->805873K(4660736K)] 14185121K->12638410K(18641920K), 1.0185150 secs] [Times: user=13.20 sys=0.01, real=1.02 secs] 
1147.879: [GC [PSYoungGen: 3136497K->362782K(4660736K)] 14969036K->13023906K(18641920K), 1.1298860 secs] [Times: user=14.59 sys=0.03, real=1.13 secs] 
1149.009: [Full GC [PSYoungGen: 362782K->0K(4660736K)] [ParOldGen: 12661124K->9908698K(13981184K)] 13023906K->9908698K(18641920K) [PSPermGen: 50359K->50359K(53248K)], 33.1136750 secs] [Times: user=83.54 sys=0.03, real=33.11 secs] 
1185.819: [GC [PSYoungGen: 2330624K->435838K(4660736K)] 12239326K->10344541K(18641920K), 0.3392810 secs] [Times: user=4.29 sys=0.02, real=0.34 secs] 
1187.646: [GC [PSYoungGen: 2766462K->509434K(4660736K)] 12675174K->10749874K(18641920K), 0.6170290 secs] [Times: user=7.97 sys=0.01, real=0.61 secs] 
1189.603: [GC [PSYoungGen: 2840058K->562144K(4660736K)] 13080499K->11316135K(18641920K), 0.7471930 secs] [Times: user=9.64 sys=0.00, real=0.75 secs] 
1191.377: [GC [PSYoungGen: 2892768K->1154750K(4733440K)] 13646759K->11908741K(18714624K), 0.6373420 secs] [Times: user=8.23 sys=0.01, real=0.63 secs] 
1193.154: [GC [PSYoungGen: 3588798K->1729618K(4164096K)] 14342789K->12483609K(18145280K), 0.8123190 secs] [Times: user=10.50 sys=0.01, real=0.82 secs] 
1195.069: [GC [PSYoungGen: 4163666K->1412341K(4660736K)] 14917657K->13137516K(18641920K), 1.2734560 secs] [Times: user=16.51 sys=0.02, real=1.27 secs] 
1197.388: [GC [PSYoungGen: 3742965K->556320K(4660736K)] 15468140K->13548264K(18641920K), 1.4672540 secs] [Times: user=19.02 sys=0.02, real=1.46 secs] 
1198.855: [Full GC [PSYoungGen: 556320K->0K(4660736K)] [ParOldGen: 12991943K->8875266K(13981184K)] 13548264K->8875266K(18641920K) [PSPermGen: 50359K->50359K(52736K)], 20.1475110 secs] [Times: user=59.22 sys=0.02, real=20.15 secs] 
1219.996: [GC [PSYoungGen: 2330624K->698353K(4702208K)] 11205890K->9573620K(18683392K), 2.8019840 secs] [Times: user=36.38 sys=0.01, real=2.80 secs] 
1223.474: [GC [PSYoungGen: 3070449K->1512150K(4660736K)] 11945716K->10387417K(18641920K), 0.6239700 secs] [Times: user=8.07 sys=0.02, real=0.62 secs] 
1224.833: [GC [PSYoungGen: 3884246K->860064K(4739072K)] 12759513K->11091661K(18720256K), 1.4943640 secs] [Times: user=19.37 sys=0.02, real=1.49 secs] 
1227.191: [GC [PSYoungGen: 3269024K->1793338K(4660736K)] 13500621K->12024936K(18641920K), 0.6491970 secs] [Times: user=8.38 sys=0.02, real=0.65 secs] 
1228.672: [GC [PSYoungGen: 4202298K->768063K(4660736K)] 14433896K->12607551K(18641920K), 1.6458320 secs] [Times: user=21.34 sys=0.03, real=1.64 secs] 
1234.608: [GC [PSYoungGen: 3098687K->563872K(4660736K)] 14938175K->13150038K(18641920K), 3.3221730 secs] [Times: user=43.09 sys=0.04, real=3.32 secs] 
1237.930: [Full GC [PSYoungGen: 563872K->0K(4660736K)] [ParOldGen: 12586165K->10873599K(13981184K)] 13150038K->10873599K(18641920K) [PSPermGen: 50359K->50359K(52736K)], 35.8357310 secs] [Times: user=96.09 sys=0.01, real=35.83 secs] 
1277.788: [GC [PSYoungGen: 2330624K->252846K(4700672K)] 13204242K->11126465K(18681856K), 0.3853570 secs] [Times: user=4.92 sys=0.01, real=0.38 secs] 
1280.398: [GC [PSYoungGen: 2661294K->387628K(4698624K)] 13534919K->11261253K(18679808K), 0.1457400 secs] [Times: user=1.81 sys=0.01, real=0.14 secs] 
1291.183: [GC [PSYoungGen: 2796076K->693136K(4852736K)] 13669701K->11566761K(18833920K), 0.2891310 secs] [Times: user=3.69 sys=0.01, real=0.29 secs] 
1292.980: [GC [PSYoungGen: 3300752K->1503074K(4110848K)] 14174377K->12376699K(18092032K), 0.5700040 secs] [Times: user=7.34 sys=0.02, real=0.57 secs] 
1294.072: [GC [PSYoungGen: 4110690K->2058254K(4580352K)] 14984315K->12931879K(18561536K), 0.8377660 secs] [Times: user=10.83 sys=0.01, real=0.83 secs] 
1295.349: [GC [PSYoungGen: 4388878K->2330080K(4660736K)] 15262503K->13673109K(18641920K), 1.1281760 secs] [Times: user=14.62 sys=0.01, real=1.13 secs] 
1297.001: [GC [PSYoungGen: 4660704K->2330104K(4660736K)] 16003733K->14376242K(18641920K), 1.2552890 secs] [Times: user=16.27 sys=0.00, real=1.26 secs] 
1298.687: [GC [PSYoungGen: 4660728K->2089184K(4660736K)] 16706866K->15138750K(18641920K), 1.3702170 secs] [Times: user=17.78 sys=0.00, real=1.37 secs] 
1300.057: [Full GC [PSYoungGen: 2089184K->0K(4660736K)] [ParOldGen: 13049565K->9502975K(13981184K)] 15138750K->9502975K(18641920K) [PSPermGen: 50361K->50361K(52224K)], 16.9784280 secs] [Times: user=60.46 sys=0.02, real=16.98 secs] 
1317.468: [GC [PSYoungGen: 2330624K->829440K(4660736K)] 11833599K->10332415K(18641920K), 2.3020340 secs] [Times: user=29.87 sys=0.02, real=2.30 secs] 
1320.318: [GC [PSYoungGen: 3160064K->1096544K(4660736K)] 12663039K->11386267K(18641920K), 1.9548580 secs] [Times: user=25.33 sys=0.06, real=1.95 secs] 
1322.777: [GC [PSYoungGen: 3427168K->713600K(4660736K)] 13716891K->12076547K(18641920K), 2.2504020 secs] [Times: user=29.20 sys=0.03, real=2.25 secs] 
1325.798: [GC [PSYoungGen: 3044224K->835968K(4660736K)] 14407171K->12893756K(18641920K), 4.3159570 secs] [Times: user=55.93 sys=0.11, real=4.31 secs] 
1336.474: [GC [PSYoungGen: 3166592K->638277K(4660736K)] 15224380K->13573945K(18641920K), 1.9157280 secs] [Times: user=24.84 sys=0.02, real=1.92 secs] 
1338.390: [Full GC [PSYoungGen: 638277K->0K(4660736K)] [ParOldGen: 12935667K->11979353K(13981184K)] 13573945K->11979353K(18641920K) [PSPermGen: 50361K->50361K(51712K)], 44.9706380 secs] [Times: user=131.99 sys=0.19, real=44.96 secs] 
1386.080: [GC [PSYoungGen: 2330624K->291298K(4660736K)] 14309989K->12270663K(18641920K), 0.1862800 secs] [Times: user=2.30 sys=0.02, real=0.19 secs] 
1387.628: [GC [PSYoungGen: 2621922K->349750K(4660736K)] 14601292K->12608884K(18641920K), 0.3377790 secs] [Times: user=4.30 sys=0.02, real=0.34 secs] 
1389.145: [GC [PSYoungGen: 2680374K->516636K(4660736K)] 14939514K->13089845K(18641920K), 0.5433180 secs] [Times: user=7.00 sys=0.02, real=0.54 secs] 
1389.688: [Full GC [PSYoungGen: 516636K->0K(4660736K)] [ParOldGen: 12573208K->6456521K(13981184K)] 13089845K->6456521K(18641920K) [PSPermGen: 50361K->50361K(51712K)], 5.4664430 secs] [Times: user=26.63 sys=0.02, real=5.47 secs] 
1396.207: [GC [PSYoungGen: 2330624K->577363K(4660736K)] 8787145K->7033884K(18641920K), 2.2981850 secs] [Times: user=29.79 sys=0.04, real=2.29 secs] 
1400.019: [GC [PSYoungGen: 2907987K->610331K(4660736K)] 9364508K->7575332K(18641920K), 1.8627180 secs] [Times: user=24.13 sys=0.05, real=1.86 secs] 
1408.753: [GC [PSYoungGen: 2940955K->569902K(4660736K)] 9905956K->8048932K(18641920K), 2.7880680 secs] [Times: user=36.14 sys=0.06, real=2.79 secs] 
1412.482: [GC [PSYoungGen: 2900526K->714971K(4660736K)] 10379556K->8641577K(18641920K), 0.7522950 secs] [Times: user=9.71 sys=0.02, real=0.75 secs] 
1413.942: [GC [PSYoungGen: 3045595K->750838K(4770816K)] 10972201K->9280204K(18752000K), 0.8540780 secs] [Times: user=10.68 sys=0.04, real=0.85 secs] 
1415.365: [GC [PSYoungGen: 3191542K->1512416K(4660736K)] 11720908K->10041782K(18641920K), 0.5587860 secs] [Times: user=7.18 sys=0.04, real=0.56 secs] 
1416.417: [GC [PSYoungGen: 3953120K->2252795K(4660224K)] 12482486K->10782161K(18641408K), 0.7363060 secs] [Times: user=9.51 sys=0.03, real=0.74 secs] 
1417.612: [GC [PSYoungGen: 4583419K->1588663K(4660736K)] 13112785K->11400565K(18641920K), 1.6685730 secs] [Times: user=21.62 sys=0.02, real=1.67 secs] 
1419.789: [GC [PSYoungGen: 3919287K->774045K(4660736K)] 13731189K->12075004K(18641920K), 1.6587290 secs] [Times: user=21.49 sys=0.04, real=1.65 secs] 
1422.072: [GC [PSYoungGen: 3103726K->848288K(4660736K)] 14404685K->12885502K(18641920K), 2.6633810 secs] [Times: user=34.46 sys=0.14, real=2.66 secs] 
1425.670: [GC [PSYoungGen: 3178912K->902912K(4660736K)] 15216126K->13771542K(18641920K), 1.6164390 secs] [Times: user=20.89 sys=0.05, real=1.61 secs] 
1427.287: [Full GC [PSYoungGen: 902912K->0K(4660736K)] [ParOldGen: 12868630K->11146680K(13981184K)] 13771542K->11146680K(18641920K) [PSPermGen: 50362K->50362K(51712K)], 29.1262040 secs] [Times: user=85.59 sys=0.05, real=29.12 secs] 
1458.030: [GC [PSYoungGen: 2330624K->667904K(4660736K)] 13477304K->11814584K(18641920K), 2.6075810 secs] [Times: user=33.79 sys=0.06, real=2.61 secs] 
1462.592: [GC [PSYoungGen: 2998528K->904960K(4803072K)] 14145208K->12621076K(18784256K), 1.5876550 secs] [Times: user=20.59 sys=0.03, real=1.59 secs] 
1468.388: [GC [PSYoungGen: 3404544K->761908K(4687360K)] 15120692K->13157000K(18668544K), 1.0405520 secs] [Times: user=13.45 sys=0.01, real=1.04 secs] 
1490.907: [GC [PSYoungGen: 3261492K->737689K(4960768K)] 15656589K->13132786K(18941952K), 2.5728150 secs] [Times: user=33.29 sys=0.06, real=2.58 secs] 
1529.444: [GC [PSYoungGen: 3592601K->1293183K(4884992K)] 15987698K->13688280K(18866176K), 1.9467180 secs] [Times: user=25.24 sys=0.01, real=1.95 secs] 
1532.485: [GC [PSYoungGen: 4148095K->2051554K(4382208K)] 16543192K->14552003K(18363392K), 0.8020360 secs] [Times: user=10.35 sys=0.03, real=0.81 secs] 
1534.126: [GC [PSYoungGen: 4382178K->2116585K(4660736K)] 16882627K->15239117K(18641920K), 0.9455190 secs] [Times: user=12.24 sys=0.01, real=0.95 secs] 
1535.072: [Full GC [PSYoungGen: 2116585K->0K(4660736K)] [ParOldGen: 13122531K->7775529K(13981184K)] 15239117K->7775529K(18641920K) [PSPermGen: 50370K->50369K(51200K)], 10.1430230 secs] [Times: user=40.07 sys=0.02, real=10.14 secs] 
1546.144: [GC [PSYoungGen: 2330624K->823069K(4660736K)] 10106153K->8598599K(18641920K), 1.6825480 secs] [Times: user=21.82 sys=0.02, real=1.68 secs] 
1551.140: [GC [PSYoungGen: 3153693K->687750K(4660736K)] 10929223K->9237880K(18641920K), 1.5944520 secs] [Times: user=20.63 sys=0.05, real=1.59 secs] 
1554.450: [GC [PSYoungGen: 3018374K->709425K(4660736K)] 11568504K->10050496K(18641920K), 0.6136290 secs] [Times: user=7.93 sys=0.01, real=0.61 secs] 
1557.137: [GC [PSYoungGen: 3040049K->900915K(4660736K)] 12381127K->10839072K(18641920K), 1.0197580 secs] [Times: user=13.21 sys=0.01, real=1.02 secs] 
1562.461: [GC [PSYoungGen: 3231539K->1088036K(4788736K)] 13169697K->11026194K(18769920K), 0.6406290 secs] [Times: user=8.28 sys=0.01, real=0.64 secs] 
1564.053: [GC [PSYoungGen: 3560484K->2089699K(4562432K)] 13498642K->12027858K(18543616K), 0.6803270 secs] [Times: user=8.81 sys=0.01, real=0.68 secs] 
1565.672: [GC [PSYoungGen: 4562147K->1758875K(4660736K)] 14500306K->12721720K(18641920K), 1.3044410 secs] [Times: user=16.92 sys=0.01, real=1.30 secs] 
1567.755: [GC [PSYoungGen: 4089499K->801024K(4660736K)] 15052344K->13456123K(18641920K), 1.6229340 secs] [Times: user=21.06 sys=0.00, real=1.62 secs] 
1569.378: [Full GC [PSYoungGen: 801024K->0K(4660736K)] [ParOldGen: 12655099K->9607006K(13981184K)] 13456123K->9607006K(18641920K) [PSPermGen: 50454K->50421K(51200K)], 18.8038680 secs] [Times: user=67.68 sys=0.05, real=18.80 secs] 
1588.949: [GC [PSYoungGen: 2330624K->945184K(4660736K)] 11937635K->10552195K(18641920K), 2.7086670 secs] [Times: user=35.14 sys=0.03, real=2.71 secs] 
1600.077: [GC [PSYoungGen: 3275808K->394880K(4660736K)] 12882822K->10872478K(18641920K), 2.2839770 secs] [Times: user=29.61 sys=0.04, real=2.28 secs] 
1622.145: [GC [PSYoungGen: 2725504K->226904K(4660736K)] 13203103K->11099151K(18641920K), 1.6990090 secs] [Times: user=21.92 sys=0.07, real=1.70 secs] 
1627.577: [GC [PSYoungGen: 2557528K->330048K(4660736K)] 13429775K->11361606K(18641920K), 0.3356370 secs] [Times: user=4.29 sys=0.01, real=0.34 secs] 
1630.213: [GC [PSYoungGen: 2660672K->579390K(4686336K)] 13692230K->11854685K(18667520K), 0.7160870 secs] [Times: user=9.27 sys=0.01, real=0.71 secs] 
1632.321: [GC [PSYoungGen: 2935614K->1320733K(4660736K)] 14210909K->12596028K(18641920K), 0.7113520 secs] [Times: user=9.19 sys=0.02, real=0.71 secs] 
1634.006: [GC [PSYoungGen: 3675073K->1879421K(4652544K)] 14950367K->13154716K(18633728K), 0.8114860 secs] [Times: user=10.44 sys=0.07, real=0.81 secs] 
1635.538: [GC [PSYoungGen: 4210045K->1432242K(4660736K)] 15485340K->13781449K(18641920K), 1.5540940 secs] [Times: user=20.15 sys=0.03, real=1.56 secs] 
1637.092: [Full GC [PSYoungGen: 1432242K->0K(4660736K)] [ParOldGen: 12349206K->8267673K(13981184K)] 13781449K->8267673K(18641920K) [PSPermGen: 50426K->50426K(51200K)], 14.8001290 secs] [Times: user=48.20 sys=0.04, real=14.79 secs] 
1652.460: [GC [PSYoungGen: 2330624K->652667K(4660736K)] 10598297K->8920341K(18641920K), 1.2488720 secs] [Times: user=16.13 sys=0.07, real=1.25 secs] 
1654.420: [GC [PSYoungGen: 2983291K->776128K(4660736K)] 11250965K->9631425K(18641920K), 1.2059510 secs] [Times: user=15.59 sys=0.07, real=1.21 secs] 
1656.223: [GC [PSYoungGen: 3106752K->727004K(4723200K)] 11962049K->10298822K(18704384K), 0.7442720 secs] [Times: user=9.63 sys=0.01, real=0.75 secs] 
1657.692: [GC [PSYoungGen: 3120092K->823177K(4660736K)] 12691910K->11072139K(18641920K), 1.9576450 secs] [Times: user=25.35 sys=0.04, real=1.96 secs] 
1660.585: [GC [PSYoungGen: 3216265K->848977K(4927488K)] 13465227K->11884085K(18908672K), 3.4438810 secs] [Times: user=44.71 sys=0.03, real=3.45 secs] 
1667.008: [GC [PSYoungGen: 3611729K->833737K(4826112K)] 14646837K->12594206K(18807296K), 1.4620170 secs] [Times: user=18.89 sys=0.08, real=1.46 secs] 
1672.560: [GC [PSYoungGen: 3596489K->701965K(5082624K)] 15356958K->13164571K(19063808K), 1.0186750 secs] [Times: user=13.17 sys=0.01, real=1.02 secs] 
1677.272: [GC [PSYoungGen: 3812877K->257847K(5019136K)] 16275483K->13333652K(19000320K), 0.7760880 secs] [Times: user=10.00 sys=0.01, real=0.78 secs] 
1678.048: [Full GC [PSYoungGen: 257847K->0K(5019136K)] [ParOldGen: 13075804K->6654249K(13981184K)] 13333652K->6654249K(19000320K) [PSPermGen: 50427K->50427K(51200K)], 8.3306910 secs] [Times: user=38.33 sys=0.11, real=8.32 secs] 
1688.615: [GC [PSYoungGen: 3110912K->703717K(5152768K)] 9765161K->7357967K(19133952K), 0.3259450 secs] [Times: user=4.16 sys=0.02, real=0.33 secs] 
1690.640: [GC [PSYoungGen: 3935973K->1457930K(4690432K)] 10590223K->8112179K(18671616K), 0.8006940 secs] [Times: user=10.36 sys=0.02, real=0.80 secs] 
1693.089: [GC [PSYoungGen: 4690004K->1968106K(4298752K)] 11344253K->8976179K(18279936K), 1.1890350 secs] [Times: user=15.40 sys=0.02, real=1.19 secs] 
1699.851: [GC [PSYoungGen: 4298730K->1206272K(4660736K)] 11306803K->9357868K(18641920K), 1.3407190 secs] [Times: user=17.37 sys=0.01, real=1.35 secs] 
1706.077: [GC [PSYoungGen: 3536896K->386043K(4687360K)] 11688492K->8537639K(18668544K), 0.9959780 secs] [Times: user=12.84 sys=0.04, real=1.00 secs] 
1713.013: [GC [PSYoungGen: 2757627K->1052800K(4675072K)] 10909223K->9204396K(18656256K), 1.2142820 secs] [Times: user=15.70 sys=0.04, real=1.22 secs] 
1714.819: [GC [PSYoungGen: 3424384K->1771925K(4526080K)] 11575980K->9923521K(18507264K), 0.5512450 secs] [Times: user=7.09 sys=0.04, real=0.55 secs] 
1715.775: [GC [PSYoungGen: 4102549K->2110271K(4660736K)] 12254145K->10521866K(18641920K), 0.7547260 secs] [Times: user=9.76 sys=0.03, real=0.75 secs] 
1716.946: [GC [PSYoungGen: 4440895K->2244992K(4660736K)] 12852490K->11272156K(18641920K), 1.1031580 secs] [Times: user=14.31 sys=0.00, real=1.10 secs] 
1718.453: [GC [PSYoungGen: 4575616K->1734848K(4660736K)] 13602780K->12024541K(18641920K), 1.6812120 secs] [Times: user=21.82 sys=0.01, real=1.68 secs] 
1720.544: [GC [PSYoungGen: 4065472K->860256K(4660736K)] 14355165K->12834129K(18641920K), 1.6934180 secs] [Times: user=21.95 sys=0.04, real=1.70 secs] 
1722.687: [GC [PSYoungGen: 3190880K->804288K(4660736K)] 15164753K->13627841K(18641920K), 3.1760510 secs] [Times: user=41.21 sys=0.04, real=3.17 secs] 
1725.863: [Full GC [PSYoungGen: 804288K->0K(4660736K)] [ParOldGen: 12823553K->10477062K(13981184K)] 13627841K->10477062K(18641920K) [PSPermGen: 50427K->50427K(51200K)], 22.1296730 secs] [Times: user=71.60 sys=0.02, real=22.13 secs] 
1748.501: [GC [PSYoungGen: 2330624K->871868K(4660736K)] 12807686K->11348931K(18641920K), 2.0643810 secs] [Times: user=26.76 sys=0.03, real=2.06 secs] 
1751.173: [GC [PSYoungGen: 3202492K->731136K(4660736K)] 13679555K->12132030K(18641920K), 2.2122920 secs] [Times: user=28.63 sys=0.10, real=2.21 secs] 
1756.586: [GC [PSYoungGen: 3061760K->780576K(4660736K)] 14462654K->12938146K(18641920K), 4.0545300 secs] [Times: user=52.62 sys=0.06, real=4.05 secs] 
1766.348: [GC [PSYoungGen: 3111200K->317926K(4660736K)] 15268786K->13056953K(18641920K), 1.5210470 secs] [Times: user=19.68 sys=0.02, real=1.52 secs] 
1767.869: [Full GC [PSYoungGen: 317926K->0K(4660736K)] [ParOldGen: 12739026K->9960100K(13981184K)] 13056953K->9960100K(18641920K) [PSPermGen: 50427K->50427K(51200K)], 30.7081770 secs] [Times: user=86.79 sys=0.01, real=30.71 secs] 
1800.826: [GC [PSYoungGen: 2330624K->188894K(4660736K)] 12290758K->10149028K(18641920K), 0.3309640 secs] [Times: user=4.20 sys=0.01, real=0.34 secs] 
1812.836: [GC [PSYoungGen: 2519518K->186397K(4660736K)] 12479652K->10282807K(18641920K), 0.2117270 secs] [Times: user=2.69 sys=0.01, real=0.21 secs] 
1814.209: [GC [PSYoungGen: 2517021K->651794K(4660736K)] 12613431K->10913588K(18641920K), 0.3895520 secs] [Times: user=4.99 sys=0.04, real=0.39 secs] 
1815.501: [GC [PSYoungGen: 2982418K->611418K(4660736K)] 13244212K->11453296K(18641920K), 0.8059780 secs] [Times: user=10.41 sys=0.02, real=0.80 secs] 
1817.391: [GC [PSYoungGen: 2942042K->1530688K(4568576K)] 13783920K->12372566K(18549760K), 0.7926900 secs] [Times: user=10.26 sys=0.01, real=0.79 secs] 
1827.125: [GC [PSYoungGen: 3861312K->353143K(4660736K)] 14703190K->12582641K(18641920K), 1.5979940 secs] [Times: user=20.67 sys=0.03, real=1.60 secs] 
1850.005: [GC [PSYoungGen: 2683767K->696601K(4808192K)] 14913268K->12926102K(18789376K), 3.0590440 secs] [Times: user=39.66 sys=0.06, real=3.05 secs] 
1853.891: [GC [PSYoungGen: 3200793K->1381978K(4686848K)] 15430294K->13611479K(18668032K), 1.3382050 secs] [Times: user=17.31 sys=0.05, real=1.34 secs] 
1855.702: [GC [PSYoungGen: 3886170K->2151742K(4582912K)] 16115671K->14381244K(18564096K), 0.7499970 secs] [Times: user=9.68 sys=0.05, real=0.75 secs] 
1856.851: [GC [PSYoungGen: 4482366K->2216064K(4660736K)] 16711868K->15031762K(18641920K), 1.2967180 secs] [Times: user=16.80 sys=0.05, real=1.30 secs] 
1858.148: [Full GC [PSYoungGen: 2216064K->0K(4660736K)] [ParOldGen: 12815697K->8015000K(13981184K)] 15031762K->8015000K(18641920K) [PSPermGen: 50427K->50427K(50688K)], 9.5338360 secs] [Times: user=42.76 sys=0.08, real=9.53 secs] 
1868.085: [GC [PSYoungGen: 2330624K->1011136K(4660736K)] 10345624K->9026136K(18641920K), 1.7086200 secs] [Times: user=22.18 sys=0.02, real=1.71 secs] 
1870.224: [GC [PSYoungGen: 3341760K->869536K(4660736K)] 11356760K->9848672K(18641920K), 1.2597260 secs] [Times: user=16.33 sys=0.02, real=1.26 secs] 
1871.910: [GC [PSYoungGen: 3200160K->837408K(4660736K)] 12179296K->10675768K(18641920K), 3.1787090 secs] [Times: user=41.22 sys=0.05, real=3.18 secs] 
1875.605: [GC [PSYoungGen: 3168032K->881696K(4660736K)] 13006392K->11545360K(18641920K), 2.3081430 secs] [Times: user=29.92 sys=0.05, real=2.31 secs] 
1878.540: [GC [PSYoungGen: 3212320K->880800K(4711424K)] 13875984K->12413232K(18692608K), 2.6073420 secs] [Times: user=33.81 sys=0.05, real=2.60 secs] 
1882.950: [GC [PSYoungGen: 3254604K->730304K(4660736K)] 14787037K->13115945K(18641920K), 4.1369570 secs] [Times: user=53.67 sys=0.07, real=4.13 secs] 
1887.087: [Full GC [PSYoungGen: 730304K->0K(4660736K)] [ParOldGen: 12385640K->12332204K(13981184K)] 13115945K->12332204K(18641920K) [PSPermGen: 50427K->50427K(50688K)], 39.1087970 secs] [Times: user=111.40 sys=0.09, real=39.11 secs] 
1932.066: [Full GC [PSYoungGen: 2373526K->0K(4660736K)] [ParOldGen: 12349640K->12430065K(13981184K)] 14723167K->12430065K(18641920K) [PSPermGen: 50427K->50427K(50688K)], 22.2431450 secs] [Times: user=97.78 sys=0.11, real=22.24 secs] 
1956.618: [Full GC [PSYoungGen: 2381312K->0K(4660736K)] [ParOldGen: 12430099K->11029205K(13981184K)] 14811411K->11029205K(18641920K) [PSPermGen: 50427K->50427K(50688K)], 20.6947780 secs] [Times: user=81.35 sys=0.00, real=20.69 secs] 
1978.595: [GC [PSYoungGen: 2381312K->334988K(4791296K)] 13410518K->11364195K(18772480K), 0.2918510 secs] [Times: user=3.71 sys=0.01, real=0.29 secs] 
1980.316: [GC [PSYoungGen: 2920076K->903318K(4784640K)] 13949283K->11932524K(18765824K), 0.6118720 secs] [Times: user=7.91 sys=0.01, real=0.61 secs] 
1982.318: [GC [PSYoungGen: 3488406K->1606361K(4642816K)] 14517612K->12635568K(18624000K), 0.8196790 secs] [Times: user=10.58 sys=0.04, real=0.82 secs] 
1984.095: [GC [PSYoungGen: 4170457K->2102619K(4666880K)] 15199664K->13131826K(18648064K), 0.9319630 secs] [Times: user=12.03 sys=0.04, real=0.93 secs] 
1986.196: [GC [PSYoungGen: 4666715K->2084030K(4654592K)] 15695922K->13791057K(18635776K), 1.2779340 secs] [Times: user=16.52 sys=0.05, real=1.27 secs] 
1988.725: [GC [PSYoungGen: 4414654K->1439518K(4660736K)] 16121681K->14375544K(18641920K), 1.6052380 secs] [Times: user=20.78 sys=0.06, real=1.61 secs] 
1990.331: [Full GC [PSYoungGen: 1439518K->0K(4660736K)] [ParOldGen: 12936026K->8917225K(13981184K)] 14375544K->8917225K(18641920K) [PSPermGen: 50427K->50427K(50688K)], 18.0228220 secs] [Times: user=57.52 sys=0.03, real=18.02 secs] 
2009.606: [GC [PSYoungGen: 2330624K->772384K(4660736K)] 11247849K->9689609K(18641920K), 1.8517590 secs] [Times: user=23.99 sys=0.04, real=1.85 secs] 
2014.437: [GC [PSYoungGen: 3103008K->832038K(4660736K)] 12020233K->10417635K(18641920K), 1.7348940 secs] [Times: user=22.47 sys=0.04, real=1.74 secs] 
2018.578: [GC [PSYoungGen: 3162662K->501841K(4660736K)] 12748259K->10817172K(18641920K), 0.9346040 secs] [Times: user=12.08 sys=0.01, real=0.94 secs] 
2020.441: [GC [PSYoungGen: 2832465K->741009K(4660736K)] 13147796K->11504169K(18641920K), 0.6058140 secs] [Times: user=7.83 sys=0.00, real=0.60 secs] 
2021.857: [GC [PSYoungGen: 3071633K->761802K(4674048K)] 13834796K->12164665K(18655232K), 0.8603950 secs] [Times: user=11.14 sys=0.00, real=0.86 secs] 
2023.701: [GC [PSYoungGen: 3105738K->1511823K(4660736K)] 14508616K->12914701K(18641920K), 0.7284460 secs] [Times: user=9.42 sys=0.02, real=0.72 secs] 
2025.934: [GC [PSYoungGen: 3855759K->688504K(4686848K)] 15258638K->13448960K(18668032K), 1.4731360 secs] [Times: user=19.09 sys=0.02, real=1.47 secs] 
2027.407: [Full GC [PSYoungGen: 688504K->0K(4686848K)] [ParOldGen: 12760456K->9643284K(13981184K)] 13448960K->9643284K(18668032K) [PSPermGen: 50427K->50427K(50688K)], 24.4134800 secs] [Times: user=73.19 sys=0.03, real=24.41 secs] 
2065.076: [GC [PSYoungGen: 2356736K->405512K(4660736K)] 12000020K->10048797K(18641920K), 0.1758400 secs] [Times: user=2.19 sys=0.02, real=0.18 secs] 
2067.038: [GC [PSYoungGen: 2762248K->1067678K(4802560K)] 12405533K->10710963K(18783744K), 0.2981120 secs] [Times: user=3.84 sys=0.00, real=0.29 secs] 
2068.548: [GC [PSYoungGen: 3586718K->1874496K(4393984K)] 13230003K->11517781K(18375168K), 0.6134470 secs] [Times: user=7.91 sys=0.03, real=0.61 secs] 
2070.350: [GC [PSYoungGen: 4393536K->2173001K(4660736K)] 14036821K->12205924K(18641920K), 0.9793270 secs] [Times: user=12.68 sys=0.01, real=0.98 secs] 
2076.076: [GC [PSYoungGen: 4503625K->1508642K(4660736K)] 14536548K->12823885K(18641920K), 1.6355590 secs] [Times: user=21.21 sys=0.01, real=1.64 secs] 
2079.110: [GC [PSYoungGen: 3839266K->728363K(4660736K)] 15154509K->13434261K(18641920K), 1.6277420 secs] [Times: user=21.10 sys=0.03, real=1.62 secs] 
2080.738: [Full GC [PSYoungGen: 728363K->0K(4660736K)] [ParOldGen: 12705898K->8954452K(13981184K)] 13434261K->8954452K(18641920K) [PSPermGen: 50444K->50434K(50688K)], 17.7604470 secs] [Times: user=56.47 sys=0.03, real=17.76 secs] 
2099.349: [GC [PSYoungGen: 2330624K->744193K(4660736K)] 11285094K->9698664K(18641920K), 0.4322330 secs] [Times: user=5.57 sys=0.01, real=0.43 secs] 
2100.598: [GC [PSYoungGen: 3074817K->706130K(4660736K)] 12029289K->10347490K(18641920K), 0.7960620 secs] [Times: user=10.27 sys=0.02, real=0.80 secs] 
2102.005: [GC [PSYoungGen: 3036754K->769250K(4660736K)] 12678114K->11090893K(18641920K), 0.8427840 secs] [Times: user=10.90 sys=0.01, real=0.84 secs] 
2103.392: [GC [PSYoungGen: 3099874K->853426K(4726272K)] 13421517K->11920379K(18707456K), 3.1576250 secs] [Times: user=40.99 sys=0.03, real=3.16 secs] 
2107.322: [GC [PSYoungGen: 3249586K->845024K(4660736K)] 14316539K->12717599K(18641920K), 2.6927560 secs] [Times: user=34.94 sys=0.03, real=2.70 secs] 
2110.886: [GC [PSYoungGen: 3241184K->873120K(4911104K)] 15113759K->13516907K(18892288K), 1.7957960 secs] [Times: user=23.28 sys=0.04, real=1.79 secs] 
2112.682: [Full GC [PSYoungGen: 873120K->0K(4911104K)] [ParOldGen: 12643787K->10388507K(13981184K)] 13516907K->10388507K(18892288K) [PSPermGen: 50454K->50428K(50688K)], 22.4851390 secs] [Times: user=72.07 sys=0.02, real=22.48 secs] 
2136.805: [GC [PSYoungGen: 2738688K->1026656K(4818432K)] 13127195K->11415164K(18799616K), 2.1773200 secs] [Times: user=28.23 sys=0.04, real=2.18 secs] 
2188.840: [GC [PSYoungGen: 3765344K->1189436K(5036544K)] 14153852K->11577944K(19017728K), 2.0627560 secs] [Times: user=26.59 sys=0.09, real=2.06 secs] 
2193.863: [GC [PSYoungGen: 4243516K->1360995K(4415488K)] 14632024K->11749503K(18396672K), 1.5415940 secs] [Times: user=19.92 sys=0.07, real=1.54 secs] 
2196.765: [GC [PSYoungGen: 4415075K->1987049K(4416000K)] 14803583K->12488413K(18397184K), 0.8550640 secs] [Times: user=11.07 sys=0.02, real=0.86 secs] 
2198.557: [GC [PSYoungGen: 4381127K->1698290K(4127232K)] 14882491K->13204024K(18108416K), 1.5772830 secs] [Times: user=20.40 sys=0.07, real=1.58 secs] 
2200.935: [GC [PSYoungGen: 4127218K->1370848K(4679168K)] 15632952K->13638130K(18660352K), 1.3093660 secs] [Times: user=16.96 sys=0.03, real=1.31 secs] 
2204.116: [GC [PSYoungGen: 3719904K->1987072K(4660736K)] 15987186K->14254354K(18641920K), 0.8416180 secs] [Times: user=10.88 sys=0.03, real=0.84 secs] 
2206.083: [GC [PSYoungGen: 4336128K->1291325K(4660736K)] 16603410K->14940940K(18641920K), 1.5251660 secs] [Times: user=19.79 sys=0.01, real=1.52 secs] 
2207.608: [Full GC [PSYoungGen: 1291325K->0K(4660736K)] [ParOldGen: 13649614K->8965317K(13981184K)] 14940940K->8965317K(18641920K) [PSPermGen: 50428K->50428K(50688K)], 20.0813920 secs] [Times: user=58.95 sys=0.01, real=20.08 secs] 
2228.672: [GC [PSYoungGen: 2330624K->750102K(4660736K)] 11295941K->9715419K(18641920K), 2.0152370 secs] [Times: user=26.12 sys=0.03, real=2.01 secs] 
2231.265: [GC [PSYoungGen: 3079468K->796928K(4669440K)] 12044785K->10465441K(18650624K), 0.9301360 secs] [Times: user=12.03 sys=0.01, real=0.93 secs] 
2232.932: [GC [PSYoungGen: 3136256K->795680K(4660736K)] 12804769K->11197109K(18641920K), 1.5653570 secs] [Times: user=20.28 sys=0.04, real=1.57 secs] 
2235.402: [GC [PSYoungGen: 3135008K->837635K(4768768K)] 13536437K->11917112K(18749952K), 1.8403090 secs] [Times: user=23.86 sys=0.03, real=1.84 secs] 
2238.357: [GC [PSYoungGen: 3327491K->885453K(4711936K)] 14406974K->12718811K(18693120K), 1.0695560 secs] [Times: user=13.86 sys=0.01, real=1.07 secs] 
2243.769: [GC [PSYoungGen: 3375309K->406285K(4808704K)] 15226021K->13109930K(18789888K), 1.4407900 secs] [Times: user=18.65 sys=0.04, real=1.44 secs] 
2245.210: [Full GC [PSYoungGen: 406285K->0K(4808704K)] [ParOldGen: 12703645K->9945377K(13981184K)] 13109930K->9945377K(18789888K) [PSPermGen: 50429K->50429K(50688K)], 32.3816930 secs] [Times: user=84.81 sys=0.03, real=32.38 secs] 
2282.616: [GC [PSYoungGen: 2654208K->280632K(2935296K)] 12599585K->10226010K(16916480K), 0.1456050 secs] [Times: user=1.80 sys=0.00, real=0.15 secs] 
2293.588: [GC [PSYoungGen: 2934840K->338615K(4824576K)] 12880220K->10283994K(18805760K), 0.1680120 secs] [Times: user=2.10 sys=0.02, real=0.17 secs] 
2293.756: [GC [PSYoungGen: 343214K->338612K(4807680K)] 10288593K->10283991K(18788864K), 0.1066740 secs] [Times: user=1.35 sys=0.00, real=0.11 secs] 
2299.720: [GC [PSYoungGen: 2980020K->1003708K(4925440K)] 12925399K->10949087K(18906624K), 0.4023760 secs] [Times: user=5.16 sys=0.02, real=0.41 secs] 
2300.992: [GC [PSYoungGen: 3794620K->1804244K(4595200K)] 13739999K->11749623K(18576384K), 0.6111070 secs] [Times: user=7.88 sys=0.03, real=0.62 secs] 
2302.140: [GC [PSYoungGen: 4595156K->2294773K(4625408K)] 14540535K->12386825K(18606592K), 0.9160450 secs] [Times: user=11.86 sys=0.00, real=0.92 secs] 
2303.437: [GC [PSYoungGen: 4625397K->2330080K(4660736K)] 14717449K->13112816K(18641920K), 1.2518480 secs] [Times: user=16.22 sys=0.00, real=1.25 secs] 
2305.115: [GC [PSYoungGen: 4656945K->2330080K(4660736K)] 15439680K->13880268K(18641920K), 1.2697180 secs] [Times: user=16.47 sys=0.01, real=1.27 secs] 
2306.787: [GC [PSYoungGen: 4660704K->2181728K(4660736K)] 16210892K->14584832K(18641920K), 1.1775820 secs] [Times: user=15.24 sys=0.01, real=1.18 secs] 
2308.458: [GC [PSYoungGen: 4470927K->1586528K(4660736K)] 16874031K->15252684K(18641920K), 1.3272540 secs] [Times: user=17.20 sys=0.01, real=1.33 secs] 
2309.785: [Full GC [PSYoungGen: 1586528K->0K(4660736K)] [ParOldGen: 13666156K->10598225K(13981184K)] 15252684K->10598225K(18641920K) [PSPermGen: 50429K->50429K(50688K)], 24.0904500 secs] [Times: user=73.62 sys=0.06, real=24.08 secs] 
2334.523: [GC [PSYoungGen: 2330624K->1042656K(4660736K)] 12928849K->11640881K(18641920K), 1.7657550 secs] [Times: user=22.89 sys=0.03, real=1.77 secs] 
2337.044: [GC [PSYoungGen: 3373280K->806016K(4660736K)] 13971505K->12292049K(18641920K), 3.2660710 secs] [Times: user=42.33 sys=0.08, real=3.27 secs] 
2346.530: [GC [PSYoungGen: 3136640K->639756K(4660736K)] 14622675K->12887871K(18641920K), 2.8450140 secs] [Times: user=36.89 sys=0.05, real=2.84 secs] 
2352.397: [GC [PSYoungGen: 2970380K->140199K(4660736K)] 15218542K->12863853K(18641920K), 3.3736870 secs] [Times: user=43.76 sys=0.02, real=3.37 secs] 
2355.770: [Full GC [PSYoungGen: 140199K->0K(4660736K)] [ParOldGen: 12723653K->8615865K(13981184K)] 12863853K->8615865K(18641920K) [PSPermGen: 50433K->50433K(50688K)], 21.0227840 secs] [Times: user=66.38 sys=0.03, real=21.02 secs] 
2378.675: [GC [PSYoungGen: 2330624K->183198K(4660736K)] 10946490K->8799064K(18641920K), 0.1598140 secs] [Times: user=2.02 sys=0.00, real=0.16 secs] 
2390.698: [GC [PSYoungGen: 2513822K->134746K(4660736K)] 11129688K->8869392K(18641920K), 0.2178740 secs] [Times: user=2.77 sys=0.02, real=0.21 secs] 
2391.550: [GC [PSYoungGen: 2465370K->673115K(4660736K)] 11200016K->9514902K(18641920K), 0.2924280 secs] [Times: user=3.74 sys=0.03, real=0.29 secs] 
2392.317: [GC [PSYoungGen: 3003739K->799616K(4660736K)] 11845526K->10263319K(18641920K), 0.7309010 secs] [Times: user=9.44 sys=0.01, real=0.73 secs] 
2393.544: [GC [PSYoungGen: 3101690K->845344K(4660736K)] 12565393K->11041643K(18641920K), 0.8906500 secs] [Times: user=11.52 sys=0.02, real=0.89 secs] 
2394.928: [GC [PSYoungGen: 3175968K->822560K(4660736K)] 13372267K->11804899K(18641920K), 1.8981090 secs] [Times: user=24.62 sys=0.04, real=1.89 secs] 
2397.316: [GC [PSYoungGen: 3153184K->925600K(4660736K)] 14135523K->12752843K(18641920K), 1.1578220 secs] [Times: user=14.98 sys=0.05, real=1.16 secs] 
2399.026: [GC [PSYoungGen: 3256224K->1003232K(4699648K)] 15083467K->13748931K(18680832K), 1.1946530 secs] [Times: user=15.47 sys=0.03, real=1.20 secs] 
2400.221: [Full GC [PSYoungGen: 1003232K->0K(4699648K)] [ParOldGen: 12745699K->10045868K(13981184K)] 13748931K->10045868K(18680832K) [PSPermGen: 50434K->50434K(50688K)], 19.9075500 secs] [Times: user=66.36 sys=0.03, real=19.90 secs] 
2420.754: [GC [PSYoungGen: 2369536K->685824K(4660736K)] 12415404K->10731692K(18641920K), 2.2030600 secs] [Times: user=28.56 sys=0.04, real=2.20 secs] 
2425.781: [GC [PSYoungGen: 3055360K->671392K(4874240K)] 13101228K->11389244K(18855424K), 2.9200440 secs] [Times: user=37.81 sys=0.11, real=2.92 secs] 
2430.430: [GC [PSYoungGen: 3344032K->981184K(4789248K)] 14061884K->12268936K(18770432K), 0.8608890 secs] [Times: user=11.13 sys=0.02, real=0.86 secs] 
2433.765: [GC [PSYoungGen: 3638244K->1067189K(5017600K)] 14925996K->13152682K(18998784K), 1.2687700 secs] [Times: user=16.46 sys=0.00, real=1.27 secs] 
2438.562: [GC [PSYoungGen: 4059317K->1379454K(4371968K)] 16144836K->13464974K(18353152K), 0.6444620 secs] [Times: user=8.25 sys=0.03, real=0.65 secs] 
2450.880: [GC [PSYoungGen: 4371582K->1397809K(4849664K)] 16457103K->13483329K(18830848K), 0.7735290 secs] [Times: user=9.97 sys=0.02, real=0.77 secs] 
2454.778: [GC [PSYoungGen: 4209713K->2053879K(4866048K)] 16295233K->14139399K(18847232K), 0.7939370 secs] [Times: user=10.29 sys=0.00, real=0.79 secs] 
2456.879: [GC [PSYoungGen: 4862996K->1731776K(4455424K)] 16948516K->14966319K(18436608K), 1.1532410 secs] [Times: user=14.96 sys=0.00, real=1.15 secs] 
2458.033: [Full GC [PSYoungGen: 1731776K->0K(4455424K)] [ParOldGen: 13234543K->7328824K(13981184K)] 14966319K->7328824K(18436608K) [PSPermGen: 50434K->50434K(50688K)], 8.4233230 secs] [Times: user=35.78 sys=0.02, real=8.42 secs] 
2467.508: [GC [PSYoungGen: 2330624K->792288K(4660736K)] 9659448K->8121112K(18641920K), 2.8147980 secs] [Times: user=36.52 sys=0.01, real=2.81 secs] 
2471.766: [GC [PSYoungGen: 3122912K->522240K(4660736K)] 10451736K->8701568K(18641920K), 1.8200330 secs] [Times: user=23.58 sys=0.05, real=1.82 secs] 
2475.780: [GC [PSYoungGen: 2852864K->841728K(4660736K)] 11032192K->9455277K(18641920K), 0.9177550 secs] [Times: user=11.87 sys=0.01, real=0.91 secs] 
2482.628: [GC [PSYoungGen: 3172352K->1326431K(4720128K)] 11785901K->9939980K(18701312K), 0.7409110 secs] [Times: user=9.57 sys=0.00, real=0.74 secs] 
2488.725: [GC [PSYoungGen: 3752799K->1221437K(4697088K)] 12366348K->9834986K(18678272K), 0.7957070 secs] [Times: user=10.29 sys=0.00, real=0.79 secs] 
2491.315: [GC [PSYoungGen: 3634937K->1954244K(4534784K)] 12248486K->10567793K(18515968K), 0.9050870 secs] [Times: user=11.73 sys=0.00, real=0.90 secs] 
2493.643: [GC [PSYoungGen: 4284868K->1632864K(4660736K)] 12898417K->11367317K(18641920K), 1.3831300 secs] [Times: user=17.94 sys=0.01, real=1.38 secs] 
2496.984: [GC [PSYoungGen: 3963488K->1539040K(4660736K)] 13697941K->11990769K(18641920K), 1.2866030 secs] [Times: user=16.69 sys=0.00, real=1.28 secs] 
2536.865: [GC [PSYoungGen: 3869664K->85950K(4660736K)] 14321393K->11717192K(18641920K), 1.4053500 secs] [Times: user=18.21 sys=0.00, real=1.41 secs] 
2541.840: [GC [PSYoungGen: 2416574K->614098K(4660736K)] 14047816K->12325764K(18641920K), 0.3153220 secs] [Times: user=4.05 sys=0.03, real=0.32 secs] 
2542.653: [GC [PSYoungGen: 2944722K->727290K(4660736K)] 14656388K->13016244K(18641920K), 0.7483750 secs] [Times: user=9.69 sys=0.01, real=0.75 secs] 
2543.993: [GC [PSYoungGen: 3057914K->887776K(4697088K)] 15346868K->13820214K(18678272K), 0.9292970 secs] [Times: user=12.04 sys=0.01, real=0.93 secs] 
2544.923: [Full GC [PSYoungGen: 887776K->0K(4697088K)] [ParOldGen: 12932438K->7684091K(13981184K)] 13820214K->7684091K(18678272K) [PSPermGen: 50435K->50435K(50688K)], 9.5996560 secs] [Times: user=39.71 sys=0.02, real=9.60 secs] 
2555.136: [GC [PSYoungGen: 2366976K->881536K(4660736K)] 10051067K->8565627K(18641920K), 1.3095830 secs] [Times: user=16.94 sys=0.05, real=1.31 secs] 
2556.999: [GC [PSYoungGen: 3207107K->922016K(4897280K)] 10891198K->9476715K(18878464K), 1.0701270 secs] [Times: user=13.82 sys=0.06, real=1.07 secs] 
2558.829: [GC [PSYoungGen: 3624864K->1024576K(4796416K)] 12179563K->10497827K(18777600K), 1.2067330 secs] [Times: user=15.59 sys=0.05, real=1.21 secs] 
2566.835: [GC [PSYoungGen: 3717922K->802440K(5062656K)] 13208484K->11303050K(19043840K), 2.5090680 secs] [Times: user=32.52 sys=0.07, real=2.51 secs] 
2570.966: [GC [PSYoungGen: 3874440K->770727K(5000192K)] 14375052K->11909971K(18981376K), 3.1824070 secs] [Times: user=41.23 sys=0.07, real=3.18 secs] 
2575.317: [GC [PSYoungGen: 3842727K->876377K(5193728K)] 14981978K->12679105K(19174912K), 0.9216010 secs] [Times: user=11.91 sys=0.01, real=0.92 secs] 
2578.170: [GC [PSYoungGen: 4198233K->871488K(5118976K)] 16000963K->13489398K(19100160K), 1.1111440 secs] [Times: user=14.40 sys=0.00, real=1.11 secs] 
2579.281: [Full GC [PSYoungGen: 871488K->0K(5118976K)] [ParOldGen: 12617910K->8193957K(13981184K)] 13489398K->8193957K(19100160K) [PSPermGen: 50435K->50435K(50688K)], 15.4273310 secs] [Times: user=57.49 sys=0.10, real=15.43 secs] 
2598.442: [GC [PSYoungGen: 3321856K->1003613K(5320704K)] 11515813K->9197570K(19301888K), 0.7874710 secs] [Times: user=10.16 sys=0.02, real=0.79 secs] 
2664.084: [GC [PSYoungGen: 4594317K->378559K(5262336K)] 12788274K->8816591K(19243520K), 1.0340690 secs] [Times: user=13.31 sys=0.04, real=1.04 secs] 
2668.113: [GC [PSYoungGen: 3970751K->1600751K(4933632K)] 12408783K->10038783K(18914816K), 0.6896430 secs] [Times: user=8.92 sys=0.01, real=0.69 secs] 
2670.543: [GC [PSYoungGen: 4837615K->1876973K(5113856K)] 13275647K->10922950K(19095040K), 1.2700820 secs] [Times: user=16.47 sys=0.01, real=1.27 secs] 
2673.549: [GC [PSYoungGen: 5113837K->1662519K(4207616K)] 14159814K->11746117K(18188800K), 1.0548420 secs] [Times: user=13.67 sys=0.00, real=1.06 secs] 
2675.862: [GC [PSYoungGen: 3993143K->681556K(4660736K)] 14076741K->12276746K(18641920K), 1.4977620 secs] [Times: user=19.43 sys=0.01, real=1.49 secs] 
2678.460: [GC [PSYoungGen: 3012180K->724048K(4664320K)] 14607370K->12954356K(18645504K), 0.9116600 secs] [Times: user=11.80 sys=0.00, real=0.92 secs] 
2680.519: [GC [PSYoungGen: 3058256K->733777K(4660736K)] 15288586K->13682324K(18641920K), 0.9332280 secs] [Times: user=11.95 sys=0.04, real=0.94 secs] 
2681.452: [Full GC [PSYoungGen: 733777K->0K(4660736K)] [ParOldGen: 12948546K->10247000K(13981184K)] 13682324K->10247000K(18641920K) [PSPermGen: 50469K->50436K(50688K)], 23.3509520 secs] [Times: user=75.48 sys=0.03, real=23.34 secs] 
2705.623: [GC [PSYoungGen: 2334208K->812371K(4809728K)] 12581209K->11059372K(18790912K), 2.9350420 secs] [Times: user=38.09 sys=0.03, real=2.94 secs] 
2709.470: [GC [PSYoungGen: 3359274K->906318K(4728832K)] 13606276K->11931412K(18710016K), 1.0003120 secs] [Times: user=12.95 sys=0.03, real=1.00 secs] 
2711.524: [GC [PSYoungGen: 3454030K->921645K(4996608K)] 14479124K->12749026K(18977792K), 1.7638060 secs] [Times: user=22.87 sys=0.03, real=1.77 secs] 
2714.841: [GC [PSYoungGen: 3832365K->1009581K(4904960K)] 15659746K->13581823K(18886144K), 1.1267510 secs] [Times: user=14.58 sys=0.02, real=1.13 secs] 
2715.967: [Full GC [PSYoungGen: 1009581K->0K(4904960K)] [ParOldGen: 12572241K->12594263K(13981184K)] 13581823K->12594263K(18886144K) [PSPermGen: 50450K->50437K(50688K)], 26.5968610 secs] [Times: user=94.77 sys=0.06, real=26.59 secs] 
2748.078: [Full GC [PSYoungGen: 2910720K->0K(4904960K)] [ParOldGen: 12594263K->10155298K(13981184K)] 15504983K->10155298K(18886144K) [PSPermGen: 50440K->50437K(50688K)], 25.3283130 secs] [Times: user=79.63 sys=0.02, real=25.33 secs] 
2801.272: [GC [PSYoungGen: 2910720K->312348K(5036032K)] 13066018K->10467647K(19017216K), 0.1468990 secs] [Times: user=1.77 sys=0.00, real=0.15 secs] 
2807.959: [GC [PSYoungGen: 3450908K->699060K(5064704K)] 13606207K->10854358K(19045888K), 0.2986450 secs] [Times: user=3.81 sys=0.01, real=0.30 secs] 
2809.753: [GC [PSYoungGen: 3837620K->1537328K(4852224K)] 13992918K->11692626K(18833408K), 0.7578980 secs] [Times: user=9.79 sys=0.02, real=0.76 secs] 
2812.192: [GC [PSYoungGen: 4522288K->2002939K(4987904K)] 14677586K->12412733K(18969088K), 1.1585030 secs] [Times: user=14.98 sys=0.01, real=1.16 secs] 
2815.636: [GC [PSYoungGen: 4987899K->2002940K(4333568K)] 15397693K->13017129K(18314752K), 1.1388550 secs] [Times: user=14.73 sys=0.04, real=1.14 secs] 
2817.956: [GC [PSYoungGen: 4333564K->1246553K(4660736K)] 15347753K->13752566K(18641920K), 1.5741200 secs] [Times: user=20.39 sys=0.05, real=1.57 secs] 
2819.531: [Full GC [PSYoungGen: 1246553K->0K(4660736K)] [ParOldGen: 12506013K->8896238K(13981184K)] 13752566K->8896238K(18641920K) [PSPermGen: 50439K->50439K(50688K)], 19.8337110 secs] [Times: user=58.48 sys=0.02, real=19.83 secs] 
2840.107: [GC [PSYoungGen: 2330624K->765790K(4660736K)] 11226862K->9662029K(18641920K), 0.5713890 secs] [Times: user=7.37 sys=0.01, real=0.57 secs] 
2841.371: [GC [PSYoungGen: 3096414K->783271K(4660736K)] 11992653K->10403046K(18641920K), 0.8064180 secs] [Times: user=10.42 sys=0.01, real=0.81 secs] 
2842.908: [GC [PSYoungGen: 3113895K->952605K(4660736K)] 12733670K->11270412K(18641920K), 0.9346280 secs] [Times: user=12.10 sys=0.03, real=0.93 secs] 
2844.739: [GC [PSYoungGen: 3283229K->827129K(4660736K)] 13601037K->11946573K(18641920K), 1.2211220 secs] [Times: user=15.82 sys=0.03, real=1.22 secs] 
2847.510: [GC [PSYoungGen: 3157753K->610737K(4679680K)] 14277198K->12731167K(18660864K), 0.9591740 secs] [Times: user=12.40 sys=0.02, real=0.96 secs] 
2853.882: [GC [PSYoungGen: 2960305K->378677K(4660736K)] 15080735K->13036951K(18641920K), 2.8040430 secs] [Times: user=36.38 sys=0.02, real=2.80 secs] 
2856.686: [Full GC [PSYoungGen: 378677K->0K(4660736K)] [ParOldGen: 12658274K->9171709K(13981184K)] 13036951K->9171709K(18641920K) [PSPermGen: 50439K->50439K(50688K)], 26.5365490 secs] [Times: user=73.56 sys=0.08, real=26.54 secs] 
2885.347: [GC [PSYoungGen: 2349568K->391813K(4718080K)] 11521284K->9563529K(18699264K), 0.5441220 secs] [Times: user=6.94 sys=0.02, real=0.54 secs] 
2892.883: [GC [PSYoungGen: 2807941K->539596K(4688896K)] 11979658K->9711313K(18670080K), 0.5297920 secs] [Times: user=6.80 sys=0.00, real=0.53 secs] 
2942.975: [GC [PSYoungGen: 2955724K->776838K(4897280K)] 12127441K->9948555K(18878464K), 0.6008060 secs] [Times: user=7.72 sys=0.02, real=0.60 secs] 
2944.571: [GC [PSYoungGen: 3438664K->1624556K(4316672K)] 12610381K->10796273K(18297856K), 0.6940480 secs] [Times: user=8.96 sys=0.02, real=0.69 secs] 
2946.026: [GC [PSYoungGen: 4316652K->2247652K(4578304K)] 13488369K->11498498K(18559488K), 0.8579220 secs] [Times: user=11.03 sys=0.05, real=0.86 secs] 
2947.353: [GC [PSYoungGen: 4578276K->2330109K(4660736K)] 13829122K->12269542K(18641920K), 1.1564990 secs] [Times: user=14.97 sys=0.02, real=1.15 secs] 
2948.897: [GC [PSYoungGen: 4660733K->2330080K(4660736K)] 14600166K->12850558K(18641920K), 1.1283610 secs] [Times: user=14.62 sys=0.01, real=1.13 secs] 
2950.432: [GC [PSYoungGen: 4660704K->2189536K(4660736K)] 15181182K->13549986K(18641920K), 1.3671200 secs] [Times: user=17.73 sys=0.00, real=1.37 secs] 
2952.202: [GC [PSYoungGen: 4520160K->1592224K(4660736K)] 15880610K->14278870K(18641920K), 1.4031990 secs] [Times: user=18.21 sys=0.00, real=1.40 secs] 
2953.606: [Full GC [PSYoungGen: 1592224K->0K(4660736K)] [ParOldGen: 12686646K->10171644K(13981184K)] 14278870K->10171644K(18641920K) [PSPermGen: 50442K->50442K(50688K)], 21.3151740 secs] [Times: user=67.38 sys=0.03, real=21.31 secs] 
2975.442: [GC [PSYoungGen: 2330624K->892672K(4660736K)] 12502268K->11064316K(18641920K), 2.1329830 secs] [Times: user=27.65 sys=0.03, real=2.13 secs] 
2978.311: [GC [PSYoungGen: 3223296K->961440K(4660736K)] 13394940K->11969068K(18641920K), 1.3697700 secs] [Times: user=17.72 sys=0.04, real=1.37 secs] 
2980.458: [GC [PSYoungGen: 3292064K->670624K(4660736K)] 14299692K->12616476K(18641920K), 2.6311200 secs] [Times: user=34.08 sys=0.09, real=2.63 secs] 
2990.124: [GC [PSYoungGen: 2989847K->418314K(4660736K)] 14935700K->12990639K(18641920K), 3.5298160 secs] [Times: user=45.73 sys=0.05, real=3.53 secs] 
2993.654: [Full GC [PSYoungGen: 418314K->0K(4660736K)] [ParOldGen: 12572324K->10755927K(13981184K)] 12990639K->10755927K(18641920K) [PSPermGen: 50442K->50442K(50688K)], 38.1187920 secs] [Times: user=100.68 sys=0.01, real=38.11 secs] 
3033.392: [GC [PSYoungGen: 2330624K->189552K(4660736K)] 13086555K->10945484K(18641920K), 0.1219910 secs] [Times: user=1.49 sys=0.00, real=0.13 secs] 
3034.867: [GC [PSYoungGen: 2520176K->291368K(4660736K)] 13276124K->11212538K(18641920K), 0.3616700 secs] [Times: user=4.62 sys=0.01, real=0.36 secs] 
3045.927: [GC [PSYoungGen: 2621992K->331450K(4660736K)] 13543163K->11481034K(18641920K), 0.6028630 secs] [Times: user=7.78 sys=0.01, real=0.60 secs] 
3062.100: [GC [PSYoungGen: 2662074K->383742K(4660736K)] 13811670K->11821890K(18641920K), 0.5827310 secs] [Times: user=7.47 sys=0.02, real=0.58 secs] 
3063.426: [GC [PSYoungGen: 2714366K->721116K(4660736K)] 14156611K->12501989K(18641920K), 0.5856790 secs] [Times: user=7.55 sys=0.02, real=0.59 secs] 
3064.481: [GC [PSYoungGen: 3051740K->768379K(4660736K)] 14832613K->13214705K(18641920K), 0.8714640 secs] [Times: user=11.27 sys=0.03, real=0.87 secs] 
3065.722: [GC [PSYoungGen: 3099003K->799168K(4660736K)] 15545329K->13954013K(18641920K), 1.6482780 secs] [Times: user=21.33 sys=0.07, real=1.65 secs] 
3067.371: [Full GC [PSYoungGen: 799168K->0K(4660736K)] [ParOldGen: 13154845K->7940634K(13981184K)] 13954013K->7940634K(18641920K) [PSPermGen: 50443K->50443K(50688K)], 9.4354500 secs] [Times: user=41.80 sys=0.04, real=9.43 secs] 
3077.205: [GC [PSYoungGen: 2330624K->989216K(4661760K)] 10271258K->8929850K(18642944K), 0.8114370 secs] [Times: user=10.49 sys=0.04, real=0.81 secs] 
3078.391: [GC [PSYoungGen: 3289379K->1833856K(4660736K)] 11230014K->9774490K(18641920K), 0.6152010 secs] [Times: user=7.95 sys=0.01, real=0.61 secs] 
3079.401: [GC [PSYoungGen: 4165504K->858304K(4660736K)] 12106138K->10537474K(18641920K), 1.7663490 secs] [Times: user=22.90 sys=0.03, real=1.76 secs] 
3081.567: [GC [PSYoungGen: 3188928K->877440K(4660736K)] 12868098K->11403874K(18641920K), 2.2544570 secs] [Times: user=29.21 sys=0.06, real=2.25 secs] 
3084.318: [GC [PSYoungGen: 3208064K->917728K(4839424K)] 13734498K->12312906K(18820608K), 4.0029670 secs] [Times: user=51.94 sys=0.07, real=4.00 secs] 
3089.003: [GC [PSYoungGen: 3482848K->802400K(4716544K)] 14878026K->13100890K(18697728K), 6.0499890 secs] [Times: user=78.48 sys=0.10, real=6.04 secs] 
3095.053: [Full GC [PSYoungGen: 802400K->0K(4716544K)] [ParOldGen: 12298490K->12303789K(13981184K)] 13100890K->12303789K(18697728K) [PSPermGen: 50443K->50443K(50688K)], 34.3596120 secs] [Times: user=102.07 sys=0.02, real=34.36 secs] 
3137.794: [Full GC [PSYoungGen: 2565120K->0K(4716544K)] [ParOldGen: 12303794K->12637881K(13981184K)] 14868914K->12637881K(18697728K) [PSPermGen: 50443K->50443K(50688K)], 39.2434560 secs] [Times: user=156.29 sys=0.52, real=39.24 secs] 
3178.997: [Full GC [PSYoungGen: 2565120K->0K(4716544K)] [ParOldGen: 12637905K->7505455K(13981184K)] 15203025K->7505455K(18697728K) [PSPermGen: 50444K->50444K(50688K)], 12.8779990 secs] [Times: user=61.21 sys=0.05, real=12.87 secs] 
3194.488: [GC [PSYoungGen: 2565120K->367104K(4945408K)] 10070576K->7872560K(18926592K), 0.3139440 secs] [Times: user=4.01 sys=0.00, real=0.32 secs] 
3197.176: [GC [PSYoungGen: 3253760K->1184181K(4932096K)] 10759216K->8689637K(18913280K), 0.6915810 secs] [Times: user=8.92 sys=0.03, real=0.69 secs] 
3211.933: [GC [PSYoungGen: 4070837K->230656K(4942848K)] 11576293K->7736113K(18924032K), 0.1090480 secs] [Times: user=1.32 sys=0.00, real=0.11 secs] 
3216.637: [GC [PSYoungGen: 3131982K->450527K(4946944K)] 10637438K->7955983K(18928128K), 0.3004130 secs] [Times: user=3.86 sys=0.01, real=0.30 secs] 
3218.179: [GC [PSYoungGen: 3353567K->1381344K(4811776K)] 10859023K->8886801K(18792960K), 0.5006430 secs] [Times: user=6.46 sys=0.01, real=0.50 secs] 
3219.289: [GC [PSYoungGen: 4201440K->2085344K(4905472K)] 11706897K->9766481K(18886656K), 0.7964960 secs] [Times: user=10.30 sys=0.00, real=0.80 secs] 
3220.714: [GC [PSYoungGen: 4905440K->2085367K(4416000K)] 12586577K->10659360K(18397184K), 1.5371230 secs] [Times: user=19.91 sys=0.03, real=1.53 secs] 
3222.633: [GC [PSYoungGen: 4415991K->2330080K(4660736K)] 12989984K->11416901K(18641920K), 1.0218460 secs] [Times: user=13.24 sys=0.01, real=1.02 secs] 
3224.090: [GC [PSYoungGen: 4660704K->2149152K(4660736K)] 13747525K->12098041K(18641920K), 1.3513170 secs] [Times: user=17.53 sys=0.01, real=1.35 secs] 
3225.881: [GC [PSYoungGen: 4479776K->1700992K(4660736K)] 14428665K->12937381K(18641920K), 1.5261210 secs] [Times: user=19.80 sys=0.01, real=1.53 secs] 
3227.899: [GC [PSYoungGen: 4031616K->855776K(4660736K)] 15268005K->13729094K(18641920K), 1.8264180 secs] [Times: user=23.64 sys=0.06, real=1.83 secs] 
3229.725: [Full GC [PSYoungGen: 855776K->0K(4660736K)] [ParOldGen: 12873317K->11353625K(13981184K)] 13729094K->11353625K(18641920K) [PSPermGen: 50444K->50444K(50688K)], 26.2980950 secs] [Times: user=83.00 sys=0.05, real=26.29 secs] 
3256.573: [GC [PSYoungGen: 2330624K->771712K(4660736K)] 13684249K->12125337K(18641920K), 2.5787350 secs] [Times: user=33.45 sys=0.04, real=2.58 secs] 
3260.198: [GC [PSYoungGen: 3087482K->850589K(4660736K)] 14441107K->12894967K(18641920K), 1.4165330 secs] [Times: user=18.35 sys=0.03, real=1.42 secs] 
3268.821: [GC [PSYoungGen: 3181213K->392306K(4660736K)] 15225591K->13152132K(18641920K), 1.6147490 secs] [Times: user=20.86 sys=0.06, real=1.61 secs] 
3270.436: [Full GC [PSYoungGen: 392306K->0K(4660736K)] [ParOldGen: 12759825K->11852505K(13981184K)] 13152132K->11852505K(18641920K) [PSPermGen: 50444K->50444K(50688K)], 43.2441270 secs] [Times: user=130.88 sys=0.18, real=43.24 secs] 
3315.053: [GC [PSYoungGen: 2330624K->553392K(4660736K)] 14183130K->12405898K(18641920K), 0.3355380 secs] [Times: user=4.27 sys=0.02, real=0.34 secs] 
3321.332: [GC [PSYoungGen: 2884016K->551488K(4660736K)] 14736522K->12538508K(18641920K), 0.4020850 secs] [Times: user=5.16 sys=0.00, real=0.40 secs] 
3369.945: [GC [PSYoungGen: 2882112K->191900K(4660736K)] 14869152K->12193701K(18641920K), 0.1164090 secs] [Times: user=1.40 sys=0.00, real=0.12 secs] 
3375.662: [GC [PSYoungGen: 2522524K->128186K(4660736K)] 14524326K->12254095K(18641920K), 0.1665660 secs] [Times: user=2.09 sys=0.02, real=0.17 secs] 
3378.632: [GC [PSYoungGen: 2458810K->157211K(4660736K)] 14584719K->12343092K(18641920K), 0.4959880 secs] [Times: user=6.39 sys=0.03, real=0.50 secs] 
3379.986: [GC [PSYoungGen: 2487835K->605330K(4660736K)] 14673716K->12904543K(18641920K), 0.4094100 secs] [Times: user=5.27 sys=0.02, real=0.41 secs] 
3380.882: [GC [PSYoungGen: 2935954K->791552K(4660736K)] 15235167K->13625369K(18641920K), 0.7318480 secs] [Times: user=9.49 sys=0.01, real=0.73 secs] 
3381.614: [Full GC [PSYoungGen: 791552K->0K(4660736K)] [ParOldGen: 12833817K->6955471K(13981184K)] 13625369K->6955471K(18641920K) [PSPermGen: 50447K->50447K(50688K)], 5.9977730 secs] [Times: user=31.17 sys=0.01, real=6.00 secs] 
3388.151: [GC [PSYoungGen: 2330624K->887456K(4660736K)] 9286095K->7842927K(18641920K), 0.9540020 secs] [Times: user=12.32 sys=0.06, real=0.95 secs] 
3389.515: [GC [PSYoungGen: 3218080K->1604091K(4658176K)] 10173597K->8559608K(18639360K), 0.5467370 secs] [Times: user=7.04 sys=0.04, real=0.55 secs] 
3390.430: [GC [PSYoungGen: 3934715K->828224K(4660736K)] 10890233K->9327578K(18641920K), 1.5835520 secs] [Times: user=20.52 sys=0.02, real=1.58 secs] 
3392.421: [GC [PSYoungGen: 3158848K->1049824K(4751872K)] 11658202K->10349498K(18733056K), 1.2171040 secs] [Times: user=15.75 sys=0.03, real=1.21 secs] 
3394.067: [GC [PSYoungGen: 3479776K->905504K(4668928K)] 12779450K->11166570K(18650112K), 1.7324080 secs] [Times: user=22.45 sys=0.04, real=1.73 secs] 
3396.252: [GC [PSYoungGen: 3335456K->720800K(4974080K)] 13596522K->11940138K(18955264K), 2.8315860 secs] [Times: user=36.73 sys=0.06, real=2.83 secs] 
3400.055: [GC [PSYoungGen: 3589024K->994240K(4884992K)] 14808362K->12921995K(18866176K), 2.4579400 secs] [Times: user=31.85 sys=0.07, real=2.46 secs] 
3410.520: [GC [PSYoungGen: 3862464K->413395K(5069312K)] 15790219K->13291118K(19050496K), 1.2011120 secs] [Times: user=15.54 sys=0.03, real=1.20 secs] 
3411.721: [Full GC [PSYoungGen: 413395K->0K(5069312K)] [ParOldGen: 12877722K->11810486K(13981184K)] 13291118K->11810486K(19050496K) [PSPermGen: 50447K->50447K(50688K)], 44.1156210 secs] [Times: user=126.62 sys=0.14, real=44.11 secs] 
3458.776: [GC [PSYoungGen: 3125248K->261856K(5046784K)] 14935734K->12072342K(19027968K), 0.1998200 secs] [Times: user=2.46 sys=0.00, real=0.20 secs] 
3462.506: [GC [PSYoungGen: 3387104K->656517K(5167104K)] 15197590K->12467003K(19148288K), 0.5578110 secs] [Times: user=7.22 sys=0.00, real=0.56 secs] 
3478.201: [GC [PSYoungGen: 3857965K->588261K(5076992K)] 15668451K->12398747K(19058176K), 0.3823470 secs] [Times: user=4.91 sys=0.00, real=0.39 secs] 
3480.284: [GC [PSYoungGen: 3841509K->1313337K(5026816K)] 15651995K->13123824K(19008000K), 0.6997440 secs] [Times: user=9.03 sys=0.02, real=0.70 secs] 
3481.591: [GC [PSYoungGen: 4589113K->1857509K(5133312K)] 16399600K->14054163K(19114496K), 1.0328460 secs] [Times: user=13.39 sys=0.01, real=1.04 secs] 
3483.212: [GC [PSYoungGen: 5133285K->1857504K(4188160K)] 17329939K->15081731K(18169344K), 1.5103930 secs] [Times: user=19.60 sys=0.01, real=1.51 secs] 
3484.723: [Full GC [PSYoungGen: 1857504K->0K(4188160K)] [ParOldGen: 13224227K->8798669K(13981184K)] 15081731K->8798669K(18169344K) [PSPermGen: 50447K->50447K(50688K)], 14.4303780 secs] [Times: user=51.28 sys=0.02, real=14.43 secs] 
3499.555: [GC [PSYoungGen: 2288553K->783456K(4660736K)] 11087223K->9582125K(18641920K), 2.7115110 secs] [Times: user=35.17 sys=0.04, real=2.71 secs] 
3502.720: [GC [PSYoungGen: 3114080K->1636608K(4660736K)] 11912749K->10435277K(18641920K), 4.4609770 secs] [Times: user=57.89 sys=0.06, real=4.46 secs] 
3507.615: [GC [PSYoungGen: 3967232K->1002176K(4660736K)] 12765901K->11394029K(18641920K), 1.9568310 secs] [Times: user=25.36 sys=0.05, real=1.96 secs] 
3510.097: [GC [PSYoungGen: 3332800K->843296K(4660736K)] 13724653K->12226941K(18641920K), 2.9008770 secs] [Times: user=37.62 sys=0.05, real=2.91 secs] 
3513.650: [GC [PSYoungGen: 3173920K->661280K(4660736K)] 14557565K->12870870K(18641920K), 2.2729000 secs] [Times: user=29.43 sys=0.09, real=2.27 secs] 
3515.923: [Full GC [PSYoungGen: 661280K->0K(4660736K)] [ParOldGen: 12209589K->12114450K(13981184K)] 12870870K->12114450K(18641920K) [PSPermGen: 50447K->50447K(50688K)], 32.5954480 secs] [Times: user=94.38 sys=0.04, real=32.59 secs] 
3556.027: [Full GC [PSYoungGen: 2330624K->0K(4660736K)] [ParOldGen: 12114450K->11560418K(13981184K)] 14445074K->11560418K(18641920K) [PSPermGen: 50447K->50447K(50688K)], 43.1859310 secs] [Times: user=124.74 sys=0.13, real=43.18 secs] 
3601.327: [GC [PSYoungGen: 2330624K->92169K(4660736K)] 13891042K->11652588K(18641920K), 0.1487520 secs] [Times: user=1.82 sys=0.00, real=0.15 secs] 
3604.952: [GC [PSYoungGen: 2422793K->176984K(4660736K)] 13983212K->11798435K(18641920K), 0.1324060 secs] [Times: user=1.67 sys=0.01, real=0.13 secs] 
3619.785: [GC [PSYoungGen: 2505838K->449206K(4660736K)] 14127289K->12190834K(18641920K), 0.2576850 secs] [Times: user=3.30 sys=0.02, real=0.25 secs] 
3620.767: [GC [PSYoungGen: 2779830K->712182K(4660736K)] 14521458K->12838430K(18641920K), 0.6015820 secs] [Times: user=7.76 sys=0.02, real=0.60 secs] 
3621.899: [GC [PSYoungGen: 3042806K->1354653K(4618240K)] 15169054K->13480901K(18599424K), 0.5015270 secs] [Times: user=6.47 sys=0.01, real=0.50 secs] 
3622.920: [GC [PSYoungGen: 3696541K->2063192K(4405248K)] 15822789K->14189440K(18386432K), 0.6688450 secs] [Times: user=8.66 sys=0.01, real=0.67 secs] 
3624.050: [GC [PSYoungGen: 4385750K->1607328K(4660736K)] 16511998K->14909600K(18641920K), 1.5320130 secs] [Times: user=19.87 sys=0.00, real=1.53 secs] 
3625.582: [Full GC [PSYoungGen: 1607328K->0K(4660736K)] [ParOldGen: 13302272K->8652140K(13981184K)] 14909600K->8652140K(18641920K) [PSPermGen: 50447K->50447K(50688K)], 12.9953280 secs] [Times: user=50.75 sys=0.04, real=13.00 secs] 
3639.016: [GC [PSYoungGen: 2330624K->860093K(4660736K)] 10982764K->9512233K(18641920K), 0.6740360 secs] [Times: user=8.69 sys=0.04, real=0.68 secs] 
3640.102: [GC [PSYoungGen: 3190717K->890272K(4660736K)] 11842857K->10393172K(18641920K), 0.9728540 secs] [Times: user=12.57 sys=0.05, real=0.97 secs] 
3641.649: [GC [PSYoungGen: 3220896K->761664K(4660736K)] 12723796K->11134552K(18641920K), 1.4798140 secs] [Times: user=19.16 sys=0.05, real=1.48 secs] 
3643.714: [GC [PSYoungGen: 3028495K->882304K(4770816K)] 13401384K->11984648K(18752000K), 3.2094730 secs] [Times: user=41.62 sys=0.04, real=3.21 secs] 
3647.993: [GC [PSYoungGen: 3323008K->875584K(4660736K)] 14425352K->12833313K(18641920K), 1.7810840 secs] [Times: user=23.05 sys=0.08, real=1.78 secs] 
3655.122: [GC [PSYoungGen: 3316288K->896193K(4973568K)] 15274017K->13682570K(18954752K), 1.1439300 secs] [Times: user=14.80 sys=0.02, real=1.14 secs] 
3656.266: [Full GC [PSYoungGen: 896193K->0K(4973568K)] [ParOldGen: 12786376K->12822868K(13981184K)] 13682570K->12822868K(18954752K) [PSPermGen: 50447K->50447K(50688K)], 50.0912580 secs] [Times: user=134.81 sys=0.07, real=50.09 secs] 
3709.876: [Full GC [PSYoungGen: 2856448K->0K(4973568K)] [ParOldGen: 12822868K->9252143K(13981184K)] 15679316K->9252143K(18954752K) [PSPermGen: 50447K->50447K(50688K)], 19.1729040 secs] [Times: user=69.60 sys=0.04, real=19.17 secs] 
3755.399: [GC [PSYoungGen: 2856448K->192919K(4873728K)] 12108591K->9445063K(18854912K), 0.1066380 secs] [Times: user=1.32 sys=0.01, real=0.11 secs] 
3775.587: [GC [PSYoungGen: 3049367K->460921K(4987392K)] 12301511K->9713065K(18968576K), 0.1710830 secs] [Times: user=2.15 sys=0.01, real=0.17 secs] 
3776.706: [GC [PSYoungGen: 3403385K->1455838K(4398592K)] 12655529K->10707982K(18379776K), 0.4383950 secs] [Times: user=5.66 sys=0.00, real=0.44 secs] 
3777.979: [GC [PSYoungGen: 4398302K->2111998K(4442624K)] 13650446K->11542070K(18423808K), 0.8798300 secs] [Times: user=11.39 sys=0.01, real=0.88 secs] 
3779.518: [GC [PSYoungGen: 4442622K->2330080K(4660736K)] 13872694K->12427050K(18641920K), 1.2730800 secs] [Times: user=16.52 sys=0.01, real=1.27 secs] 
3781.488: [GC [PSYoungGen: 4660704K->1805024K(4660736K)] 14757674K->13130686K(18641920K), 1.7795480 secs] [Times: user=23.10 sys=0.01, real=1.77 secs] 
3790.445: [GC [PSYoungGen: 4135648K->668724K(4660736K)] 15461310K->13749890K(18641920K), 1.6065470 secs] [Times: user=20.84 sys=0.00, real=1.61 secs] 
3792.052: [Full GC [PSYoungGen: 668724K->0K(4660736K)] [ParOldGen: 13081166K->9761410K(13981184K)] 13749890K->9761410K(18641920K) [PSPermGen: 50447K->50447K(50688K)], 28.1846890 secs] [Times: user=80.82 sys=0.03, real=28.18 secs] 
3821.229: [GC [PSYoungGen: 2328268K->534927K(4660736K)] 12093774K->10300434K(18641920K), 0.1717110 secs] [Times: user=2.16 sys=0.02, real=0.17 secs] 
3822.028: [GC [PSYoungGen: 2865551K->713867K(4660736K)] 12631094K->10944748K(18641920K), 0.4637770 secs] [Times: user=5.96 sys=0.03, real=0.46 secs] 
3823.095: [GC [PSYoungGen: 3044491K->735622K(4660736K)] 13275373K->11553696K(18641920K), 0.6967670 secs] [Times: user=9.00 sys=0.02, real=0.69 secs] 
3824.444: [GC [PSYoungGen: 3066246K->729167K(4660736K)] 13884320K->12208965K(18641920K), 0.7529690 secs] [Times: user=9.71 sys=0.04, real=0.76 secs] 
3826.078: [GC [PSYoungGen: 3059791K->825081K(4660736K)] 14539589K->13081749K(18641920K), 0.8649480 secs] [Times: user=11.17 sys=0.04, real=0.86 secs] 
3828.045: [GC [PSYoungGen: 3155705K->639162K(4660736K)] 15412373K->13838846K(18641920K), 2.2545310 secs] [Times: user=29.22 sys=0.06, real=2.25 secs] 
3830.300: [Full GC [PSYoungGen: 639162K->0K(4660736K)] [ParOldGen: 13199684K->9065474K(13981184K)] 13838846K->9065474K(18641920K) [PSPermGen: 50447K->50447K(50688K)], 18.2210310 secs] [Times: user=59.44 sys=0.04, real=18.22 secs] 
3850.711: [GC [PSYoungGen: 2330624K->644414K(4660736K)] 11396098K->9709888K(18641920K), 0.3995020 secs] [Times: user=5.16 sys=0.00, real=0.40 secs] 
3852.493: [GC [PSYoungGen: 2975038K->798682K(4660736K)] 12040512K->10334569K(18641920K), 0.9285930 secs] [Times: user=12.00 sys=0.05, real=0.93 secs] 
3854.903: [GC [PSYoungGen: 3102676K->1499936K(4594176K)] 12638563K->11035822K(18575360K), 0.7689770 secs] [Times: user=9.92 sys=0.01, real=0.77 secs] 
3858.717: [GC [PSYoungGen: 3853088K->2145965K(4499456K)] 13388974K->11681852K(18480640K), 0.9560770 secs] [Times: user=12.39 sys=0.00, real=0.96 secs] 
3861.505: [GC [PSYoungGen: 4499117K->1441723K(4660736K)] 14035034K->12333464K(18641920K), 1.5962840 secs] [Times: user=20.68 sys=0.00, real=1.60 secs] 
3865.926: [GC [PSYoungGen: 3772347K->646838K(4660736K)] 14664089K->12930353K(18641920K), 1.3740850 secs] [Times: user=17.81 sys=0.01, real=1.37 secs] 
3867.301: [Full GC [PSYoungGen: 646838K->0K(4660736K)] [ParOldGen: 12283515K->8876028K(13981184K)] 12930353K->8876028K(18641920K) [PSPermGen: 50450K->50447K(50688K)], 20.5314440 secs] [Times: user=64.35 sys=0.03, real=20.53 secs] 
3905.309: [GC [PSYoungGen: 2330624K->475535K(4660736K)] 11206652K->9351563K(18641920K), 0.5433910 secs] [Times: user=7.00 sys=0.00, real=0.54 secs] 